******************************************************************************
                  TI ARM Linker PC v20.2.5                     
******************************************************************************
>> Linked Sat Jun  4 14:10:17 2022

OUTPUT FILE NAME:   <ADC_Read_Potentiometer.out>
ENTRY POINT SYMBOL: "_c_int00_noinit_noargs"  address: 0000065d


MEMORY CONFIGURATION

         name            origin    length      used     unused   attr    fill
----------------------  --------  ---------  --------  --------  ----  --------
  FLASH                 00000000   00040000  000006fc  0003f904  R  X
  SRAM                  20000000   00008000  00000200  00007e00  RW X


SEGMENT ALLOCATION MAP

run origin  load origin   length   init length attrs members
----------  ----------- ---------- ----------- ----- -------
00000000    00000000    000006fc   000006fc    r-x
  00000000    00000000    0000026c   0000026c    r-- .intvecs
  0000026c    0000026c    00000490   00000490    r-x .text
20000000    20000000    00000200   00000000    rw-
  20000000    20000000    00000200   00000000    rw- .stack


SECTION ALLOCATION MAP

 output                                  attributes/
section   page    origin      length       input sections
--------  ----  ----------  ----------   ----------------
.intvecs   0    00000000    0000026c     
                  00000000    0000026c     tm4c123gh6pm_startup_ccs.obj (.intvecs)

.text      0    0000026c    00000490     
                  0000026c    0000016c     driverlib.lib : gpio.obj (.text:GPIOPadConfigSet)
                  000003d8    000000f4                   : sysctl.obj (.text:SysCtlClockSet)
                  000004cc    0000007a                   : adc.obj (.text:ADCSequenceStepConfigure)
                  00000546    00000002     --HOLE-- [fill = 0]
                  00000548    00000064     main.obj (.text)
                  000005ac    0000004e     driverlib.lib : adc.obj (.text:ADCSequenceConfigure)
                  000005fa    00000002     --HOLE-- [fill = 0]
                  000005fc    00000034                   : sysctl.obj (.text:SysCtlPeripheralEnable)
                  00000630    0000002c                   : gpio.obj (.text:GPIODirModeSet)
                  0000065c    0000002c     rtsv7M4_T_le_v4SPD16_eabi.lib : boot_cortex_m.c.obj (.text:_c_int00_noinit_noargs:_c_int00_noinit_noargs)
                  00000688    0000001e     driverlib.lib : adc.obj (.text:ADCSequenceDataGet)
                  000006a6    00000018                   : adc.obj (.text:ADCProcessorTrigger)
                  000006be    00000016                   : gpio.obj (.text:GPIOPinTypeADC)
                  000006d4    0000000e                   : adc.obj (.text:ADCSequenceEnable)
                  000006e2    0000000c     tm4c123gh6pm_startup_ccs.obj (.text)
                  000006ee    00000006     driverlib.lib : sysctl.obj (.text:SysCtlDelay)
                  000006f4    00000004     rtsv7M4_T_le_v4SPD16_eabi.lib : pre_init.c.obj (.text:_system_pre_init)
                  000006f8    00000004                                   : exit.c.obj (.text:abort:abort)

.cinit     0    00000000    00000000     UNINITIALIZED

.init_array 
*          0    00000000    00000000     UNINITIALIZED

.stack     0    20000000    00000200     UNINITIALIZED
                  20000000    00000004     rtsv7M4_T_le_v4SPD16_eabi.lib : boot_cortex_m.c.obj (.stack)
                  20000004    000001fc     --HOLE--

__llvm_prf_cnts 
*          0    20000000    00000000     UNINITIALIZED

MODULE SUMMARY

       Module                         code   ro data   rw data
       ------                         ----   -------   -------
    .\
       tm4c123gh6pm_startup_ccs.obj   12     620       0      
       main.obj                       100    0         0      
    +--+------------------------------+------+---------+---------+
       Total:                         112    620       0      
                                                              
    ../driverlib.lib
       gpio.obj                       430    0         0      
       sysctl.obj                     302    0         0      
       adc.obj                        268    0         0      
    +--+------------------------------+------+---------+---------+
       Total:                         1000   0         0      
                                                              
    D:\CCS-10.4.0.00\ccs\tools\compiler\ti-cgt-arm_20.2.5.LTS\lib\rtsv7M4_T_le_v4SPD16_eabi.lib
       boot_cortex_m.c.obj            44     0         0      
       exit.c.obj                     4      0         0      
       pre_init.c.obj                 4      0         0      
    +--+------------------------------+------+---------+---------+
       Total:                         52     0         0      
                                                              
       Stack:                         0      0         512    
    +--+------------------------------+------+---------+---------+
       Grand Total:                   1164   620       512    


GLOBAL SYMBOLS: SORTED ALPHABETICALLY BY Name 

address   name                    
-------   ----                    
000006a7  ADCProcessorTrigger     
000005ad  ADCSequenceConfigure    
00000689  ADCSequenceDataGet      
000006d5  ADCSequenceEnable       
000004cd  ADCSequenceStepConfigure
000006f9  C$$EXIT                 
00000631  GPIODirModeSet          
0000026d  GPIOPadConfigSet        
000006bf  GPIOPinTypeADC          
000006e3  ResetISR                
000003d9  SysCtlClockSet          
000006ef  SysCtlDelay             
000005fd  SysCtlPeripheralEnable  
20000200  __STACK_END             
00000200  __STACK_SIZE            
20000200  __STACK_TOP             
ffffffff  __TI_pprof_out_hndl     
ffffffff  __TI_prof_data_size     
ffffffff  __TI_prof_data_start    
00000000  __TI_static_base__      
ffffffff  __binit__               
ffffffff  __c_args__              
UNDEFED   __mpu_init              
20000000  __stack                 
20000000  __start___llvm_prf_cnts 
20000000  __stop___llvm_prf_cnts  
0000065d  _c_int00_noinit_noargs  
000006f5  _system_pre_init        
000006f9  abort                   
ffffffff  binit                   
00000000  g_pfnVectors            
00000549  main                    


GLOBAL SYMBOLS: SORTED BY Symbol Address 

address   name                    
-------   ----                    
00000000  __TI_static_base__      
00000000  g_pfnVectors            
00000200  __STACK_SIZE            
0000026d  GPIOPadConfigSet        
000003d9  SysCtlClockSet          
000004cd  ADCSequenceStepConfigure
00000549  main                    
000005ad  ADCSequenceConfigure    
000005fd  SysCtlPeripheralEnable  
00000631  GPIODirModeSet          
0000065d  _c_int00_noinit_noargs  
00000689  ADCSequenceDataGet      
000006a7  ADCProcessorTrigger     
000006bf  GPIOPinTypeADC          
000006d5  ADCSequenceEnable       
000006e3  ResetISR                
000006ef  SysCtlDelay             
000006f5  _system_pre_init        
000006f9  C$$EXIT                 
000006f9  abort                   
20000000  __stack                 
20000000  __start___llvm_prf_cnts 
20000000  __stop___llvm_prf_cnts  
20000200  __STACK_END             
20000200  __STACK_TOP             
ffffffff  __TI_pprof_out_hndl     
ffffffff  __TI_prof_data_size     
ffffffff  __TI_prof_data_start    
ffffffff  __binit__               
ffffffff  __c_args__              
ffffffff  binit                   
UNDEFED   __mpu_init              

[32 symbols]
