******************************************************************************
                  TI ARM Linker PC v20.2.5                     
******************************************************************************
>> Linked Mon Jun  6 11:32:57 2022

OUTPUT FILE NAME:   <7Segment_Control.out>
ENTRY POINT SYMBOL: "_c_int00_noargs"  address: 0000071d


MEMORY CONFIGURATION

         name            origin    length      used     unused   attr    fill
----------------------  --------  ---------  --------  --------  ----  --------
  FLASH                 00000000   00040000  00000830  0003f7d0  R  X
  SRAM                  20000000   00008000  00000238  00007dc8  RW X


SEGMENT ALLOCATION MAP

run origin  load origin   length   init length attrs members
----------  ----------- ---------- ----------- ----- -------
00000000    00000000    00000830   00000830    r-x
  00000000    00000000    0000026c   0000026c    r-- .intvecs
  0000026c    0000026c    00000574   00000574    r-x .text
  000007e0    000007e0    00000050   00000050    r-- .cinit
20000000    20000000    00000238   00000000    rw-
  20000000    20000000    00000200   00000000    rw- .stack
  20000200    20000200    00000030   00000000    rw- .data
  20000230    20000230    00000008   00000000    rw- .bss


SECTION ALLOCATION MAP

 output                                  attributes/
section   page    origin      length       input sections
--------  ----  ----------  ----------   ----------------
.intvecs   0    00000000    0000026c     
                  00000000    0000026c     tm4c123gh6pm_startup_ccs.obj (.intvecs)

.text      0    0000026c    00000574     
                  0000026c    0000016c     driverlib.lib : gpio.obj (.text:GPIOPadConfigSet)
                  000003d8    000000f4                   : sysctl.obj (.text:SysCtlClockSet)
                  000004cc    000000d4     main.obj (.text)
                  000005a0    0000009c     rtsv7M4_T_le_v4SPD16_eabi.lib : memcpy_t2.asm.obj (.text)
                  0000063c    00000068                                   : copy_decompress_lzss.c.obj (.text:decompress:lzss:__TI_decompress_lzss)
                  000006a4    00000044                                   : autoinit.c.obj (.text:__TI_auto_init_nobinit_nopinit:__TI_auto_init_nobinit_nopinit)
                  000006e8    00000034     driverlib.lib : sysctl.obj (.text:SysCtlPeripheralEnable)
                  0000071c    00000034     rtsv7M4_T_le_v4SPD16_eabi.lib : boot_cortex_m.c.obj (.text:_c_int00_noargs:_c_int00_noargs)
                  00000750    0000002c     driverlib.lib : gpio.obj (.text:GPIODirModeSet)
                  0000077c    0000001c     rtsv7M4_T_le_v4SPD16_eabi.lib : copy_zero_init.c.obj (.text:decompress:ZI:__TI_zero_init_nomemset:__TI_zero_init_nomemset)
                  00000798    0000001a     driverlib.lib : gpio.obj (.text:GPIOPinTypeGPIOOutput)
                  000007b2    0000000e     rtsv7M4_T_le_v4SPD16_eabi.lib : copy_decompress_none.c.obj (.text:decompress:none:__TI_decompress_none)
                  000007c0    0000000c     tm4c123gh6pm_startup_ccs.obj (.text)
                  000007cc    00000006     driverlib.lib : gpio.obj (.text:GPIOPinWrite)
                  000007d2    00000006                   : sysctl.obj (.text:SysCtlDelay)
                  000007d8    00000004     rtsv7M4_T_le_v4SPD16_eabi.lib : pre_init.c.obj (.text:_system_pre_init)
                  000007dc    00000004                                   : exit.c.obj (.text:abort:abort)

.cinit     0    000007e0    00000050     
                  000007e0    00000027     (.cinit..data.load) [load image, compression = lzss]
                  00000807    00000001     --HOLE-- [fill = 0]
                  00000808    0000000c     (__TI_handler_table)
                  00000814    00000004     --HOLE-- [fill = 0]
                  00000818    00000008     (.cinit..bss.load) [load image, compression = zero_init]
                  00000820    00000010     (__TI_cinit_table)

.init_array 
*          0    00000000    00000000     UNINITIALIZED

.data      0    20000200    00000030     UNINITIALIZED
                  20000200    00000028     main.obj (.data:pins)
                  20000228    00000008     main.obj (.data:ports)

.bss       0    20000230    00000008     UNINITIALIZED
                  20000230    00000004     (.common:i)
                  20000234    00000004     (.common:j)

.stack     0    20000000    00000200     UNINITIALIZED
                  20000000    00000004     rtsv7M4_T_le_v4SPD16_eabi.lib : boot_cortex_m.c.obj (.stack)
                  20000004    000001fc     --HOLE--

__llvm_prf_cnts 
*          0    20000000    00000000     UNINITIALIZED

MODULE SUMMARY

       Module                         code   ro data   rw data
       ------                         ----   -------   -------
    .\
       tm4c123gh6pm_startup_ccs.obj   12     620       0      
       main.obj                       212    0         56     
    +--+------------------------------+------+---------+---------+
       Total:                         224    620       56     
                                                              
    ../driverlib.lib
       gpio.obj                       440    0         0      
       sysctl.obj                     302    0         0      
    +--+------------------------------+------+---------+---------+
       Total:                         742    0         0      
                                                              
    D:\CCS-10.4.0.00\ccs\tools\compiler\ti-cgt-arm_20.2.5.LTS\lib\rtsv7M4_T_le_v4SPD16_eabi.lib
       memcpy_t2.asm.obj              156    0         0      
       copy_decompress_lzss.c.obj     104    0         0      
       autoinit.c.obj                 68     0         0      
       boot_cortex_m.c.obj            52     0         0      
       copy_zero_init.c.obj           28     0         0      
       copy_decompress_none.c.obj     14     0         0      
       exit.c.obj                     4      0         0      
       pre_init.c.obj                 4      0         0      
    +--+------------------------------+------+---------+---------+
       Total:                         430    0         0      
                                                              
       Stack:                         0      0         512    
       Linker Generated:              0      75        0      
    +--+------------------------------+------+---------+---------+
       Grand Total:                   1396   695       568    


LINKER GENERATED COPY TABLES

__TI_cinit_table @ 00000820 records: 2, size/record: 8, table size: 16
	.data: load addr=000007e0, load size=00000027 bytes, run addr=20000200, run size=00000030 bytes, compression=lzss
	.bss: load addr=00000818, load size=00000008 bytes, run addr=20000230, run size=00000008 bytes, compression=zero_init


LINKER GENERATED HANDLER TABLE

__TI_handler_table @ 00000808 records: 3, size/record: 4, table size: 12
	index: 0, handler: __TI_decompress_lzss
	index: 1, handler: __TI_decompress_none
	index: 2, handler: __TI_zero_init


GLOBAL SYMBOLS: SORTED ALPHABETICALLY BY Name 

address   name                          
-------   ----                          
000007dd  C$$EXIT                       
00000751  GPIODirModeSet                
0000026d  GPIOPadConfigSet              
00000799  GPIOPinTypeGPIOOutput         
000007cd  GPIOPinWrite                  
000007c1  ResetISR                      
000003d9  SysCtlClockSet                
000007d3  SysCtlDelay                   
000006e9  SysCtlPeripheralEnable        
20000200  __STACK_END                   
00000200  __STACK_SIZE                  
20000200  __STACK_TOP                   
00000820  __TI_CINIT_Base               
00000830  __TI_CINIT_Limit              
00000808  __TI_Handler_Table_Base       
00000814  __TI_Handler_Table_Limit      
000006a5  __TI_auto_init_nobinit_nopinit
0000063d  __TI_decompress_lzss          
000007b3  __TI_decompress_none          
ffffffff  __TI_pprof_out_hndl           
ffffffff  __TI_prof_data_size           
ffffffff  __TI_prof_data_start          
00000000  __TI_static_base__            
0000077d  __TI_zero_init_nomemset       
000005a1  __aeabi_memcpy                
000005a1  __aeabi_memcpy4               
000005a1  __aeabi_memcpy8               
ffffffff  __binit__                     
ffffffff  __c_args__                    
UNDEFED   __mpu_init                    
20000000  __stack                       
20000000  __start___llvm_prf_cnts       
20000000  __stop___llvm_prf_cnts        
0000071d  _c_int00_noargs               
UNDEFED   _system_post_cinit            
000007d9  _system_pre_init              
000007dd  abort                         
ffffffff  binit                         
00000000  g_pfnVectors                  
20000230  i                             
20000234  j                             
000004eb  main                          
000005a1  memcpy                        
20000200  pins                          
20000228  ports                         
000004cd  segDisplay                    


GLOBAL SYMBOLS: SORTED BY Symbol Address 

address   name                          
-------   ----                          
00000000  __TI_static_base__            
00000000  g_pfnVectors                  
00000200  __STACK_SIZE                  
0000026d  GPIOPadConfigSet              
000003d9  SysCtlClockSet                
000004cd  segDisplay                    
000004eb  main                          
000005a1  __aeabi_memcpy                
000005a1  __aeabi_memcpy4               
000005a1  __aeabi_memcpy8               
000005a1  memcpy                        
0000063d  __TI_decompress_lzss          
000006a5  __TI_auto_init_nobinit_nopinit
000006e9  SysCtlPeripheralEnable        
0000071d  _c_int00_noargs               
00000751  GPIODirModeSet                
0000077d  __TI_zero_init_nomemset       
00000799  GPIOPinTypeGPIOOutput         
000007b3  __TI_decompress_none          
000007c1  ResetISR                      
000007cd  GPIOPinWrite                  
000007d3  SysCtlDelay                   
000007d9  _system_pre_init              
000007dd  C$$EXIT                       
000007dd  abort                         
00000808  __TI_Handler_Table_Base       
00000814  __TI_Handler_Table_Limit      
00000820  __TI_CINIT_Base               
00000830  __TI_CINIT_Limit              
20000000  __stack                       
20000000  __start___llvm_prf_cnts       
20000000  __stop___llvm_prf_cnts        
20000200  __STACK_END                   
20000200  __STACK_TOP                   
20000200  pins                          
20000228  ports                         
20000230  i                             
20000234  j                             
ffffffff  __TI_pprof_out_hndl           
ffffffff  __TI_prof_data_size           
ffffffff  __TI_prof_data_start          
ffffffff  __binit__                     
ffffffff  __c_args__                    
ffffffff  binit                         
UNDEFED   __mpu_init                    
UNDEFED   _system_post_cinit            

[46 symbols]
