******************************************************************************
                  TI ARM Linker PC v20.2.5                     
******************************************************************************
>> Linked Thu Jun  9 10:44:15 2022

OUTPUT FILE NAME:   <I2C_Communicaton_Master.out>
ENTRY POINT SYMBOL: "_c_int00_noargs"  address: 00000fad


MEMORY CONFIGURATION

         name            origin    length      used     unused   attr    fill
----------------------  --------  ---------  --------  --------  ----  --------
  FLASH                 00000000   00040000  00001252  0003edae  R  X
  SRAM                  20000000   00008000  00000205  00007dfb  RW X


SEGMENT ALLOCATION MAP

run origin  load origin   length   init length attrs members
----------  ----------- ---------- ----------- ----- -------
00000000    00000000    00001258   00001258    r-x
  00000000    00000000    0000026c   0000026c    r-- .intvecs
  0000026c    0000026c    00000ea2   00000ea2    r-x .text
  00001110    00001110    0000012c   0000012c    r-- .const
  00001240    00001240    00000018   00000018    r-- .cinit
20000000    20000000    00000205   00000000    rw-
  20000000    20000000    00000200   00000000    rw- .stack
  20000200    20000200    00000005   00000000    rw- .data


SECTION ALLOCATION MAP

 output                                  attributes/
section   page    origin      length       input sections
--------  ----  ----------  ----------   ----------------
.intvecs   0    00000000    0000026c     
                  00000000    0000026c     tm4c123gh6pm_startup_ccs.obj (.intvecs)

.text      0    0000026c    00000ea2     
                  0000026c    000006a4     main.obj (.text)
                  00000910    0000016c     driverlib.lib : gpio.obj (.text:GPIOPadConfigSet)
                  00000a7c    00000118                   : sysctl.obj (.text:SysCtlClockGet)
                  00000b94    000000f4                   : sysctl.obj (.text:SysCtlClockSet)
                  00000c88    0000009c     rtsv7M4_T_le_v4SPD16_eabi.lib : memcpy_t2.asm.obj (.text)
                  00000d24    00000068                                   : copy_decompress_lzss.c.obj (.text:decompress:lzss:__TI_decompress_lzss)
                  00000d8c    00000050     driverlib.lib : sysctl.obj (.text:SysCtlPeripheralReset)
                  00000ddc    0000004c                   : gpio.obj (.text:GPIOPinConfigure)
                  00000e28    0000004c                   : i2c.obj (.text:I2CMasterInitExpClk)
                  00000e74    00000046                   : uart.obj (.text:UARTConfigSetExpClk)
                  00000eba    00000002     rtsv7M4_T_le_v4SPD16_eabi.lib : div0.asm.obj (.text)
                  00000ebc    00000044                                   : autoinit.c.obj (.text:__TI_auto_init_nobinit_nopinit:__TI_auto_init_nobinit_nopinit)
                  00000f00    00000040                                   : u_divt2.asm.obj (.text)
                  00000f40    00000038     driverlib.lib : sysctl.obj (.text:SysCtlPeripheralPresent)
                  00000f78    00000034                   : sysctl.obj (.text:SysCtlPeripheralEnable)
                  00000fac    00000034     rtsv7M4_T_le_v4SPD16_eabi.lib : boot_cortex_m.c.obj (.text:_c_int00_noargs:_c_int00_noargs)
                  00000fe0    0000002c     driverlib.lib : gpio.obj (.text:GPIODirModeSet)
                  0000100c    00000020                   : uart.obj (.text:UARTDisable)
                  0000102c    00000016                   : gpio.obj (.text:GPIOPinTypeI2C)
                  00001042    00000016                   : gpio.obj (.text:GPIOPinTypeI2CSCL)
                  00001058    00000016                   : gpio.obj (.text:GPIOPinTypeUART)
                  0000106e    00000014                   : uart.obj (.text:UARTEnable)
                  00001082    00000010                   : interrupt.obj (.text:IntMasterEnable)
                  00001092    0000000e                   : uart.obj (.text:UARTCharsAvail)
                  000010a0    0000000e     rtsv7M4_T_le_v4SPD16_eabi.lib : copy_decompress_none.c.obj (.text:decompress:none:__TI_decompress_none)
                  000010ae    0000000c     driverlib.lib : cpu.obj (.text:CPUcpsie)
                  000010ba    0000000c     tm4c123gh6pm_startup_ccs.obj (.text)
                  000010c6    0000000a     driverlib.lib : i2c.obj (.text:I2CMasterEnable)
                  000010d0    0000000a                   : uart.obj (.text:UARTCharGet)
                  000010da    0000000a                   : uart.obj (.text:UARTCharPut)
                  000010e4    00000008                   : i2c.obj (.text:I2CMasterSlaveAddrSet)
                  000010ec    00000006                   : i2c.obj (.text:I2CMasterIntEnable)
                  000010f2    00000006                   : sysctl.obj (.text:SysCtlDelay)
                  000010f8    00000006                   : uart.obj (.text:UARTClockSourceSet)
                  000010fe    00000004                   : i2c.obj (.text:I2CMasterControl)
                  00001102    00000004                   : i2c.obj (.text:I2CMasterDataPut)
                  00001106    00000004     rtsv7M4_T_le_v4SPD16_eabi.lib : pre_init.c.obj (.text:_system_pre_init)
                  0000110a    00000004                                   : exit.c.obj (.text:abort:abort)

.const     0    00001110    0000012c     
                  00001110    00000090     driverlib.lib : gpio.obj (.const:g_pui32GPIOBaseAddrs)
                  000011a0    0000006c                   : sysctl.obj (.const:g_pui32Xtals)
                  0000120c    00000012     main.obj (.const:.string)
                  0000121e    00000002     --HOLE-- [fill = 0]
                  00001220    0000000c     main.obj (.const:g_ui32UARTBase)
                  0000122c    0000000c     main.obj (.const:g_ui32UARTPeriph)
                  00001238    00000004     main.obj (.const)

.cinit     0    00001240    00000018     
                  00001240    00000008     (__TI_handler_table)
                  00001248    00000007     (.cinit..data.load) [load image, compression = lzss]
                  0000124f    00000001     --HOLE-- [fill = 0]
                  00001250    00000008     (__TI_cinit_table)

.init_array 
*          0    00000000    00000000     UNINITIALIZED

.data      0    20000200    00000005     UNINITIALIZED
                  20000200    00000005     main.obj (.data)

.stack     0    20000000    00000200     UNINITIALIZED
                  20000000    00000004     rtsv7M4_T_le_v4SPD16_eabi.lib : boot_cortex_m.c.obj (.stack)
                  20000004    000001fc     --HOLE--

__llvm_prf_cnts 
*          0    20000000    00000000     UNINITIALIZED

MODULE SUMMARY

       Module                         code   ro data   rw data
       ------                         ----   -------   -------
    .\
       main.obj                       1700   46        5      
       tm4c123gh6pm_startup_ccs.obj   12     620       0      
    +--+------------------------------+------+---------+---------+
       Total:                         1712   666       5      
                                                              
    ../driverlib.lib
       sysctl.obj                     718    108       0      
       gpio.obj                       550    144       0      
       uart.obj                       162    0         0      
       i2c.obj                        108    0         0      
       interrupt.obj                  16     0         0      
       cpu.obj                        12     0         0      
    +--+------------------------------+------+---------+---------+
       Total:                         1566   252       0      
                                                              
    D:\CCS-10.4.0.00\ccs\tools\compiler\ti-cgt-arm_20.2.5.LTS\lib\rtsv7M4_T_le_v4SPD16_eabi.lib
       memcpy_t2.asm.obj              156    0         0      
       copy_decompress_lzss.c.obj     104    0         0      
       autoinit.c.obj                 68     0         0      
       u_divt2.asm.obj                64     0         0      
       boot_cortex_m.c.obj            52     0         0      
       copy_decompress_none.c.obj     14     0         0      
       exit.c.obj                     4      0         0      
       pre_init.c.obj                 4      0         0      
       div0.asm.obj                   2      0         0      
    +--+------------------------------+------+---------+---------+
       Total:                         468    0         0      
                                                              
       Stack:                         0      0         512    
       Linker Generated:              0      23        0      
    +--+------------------------------+------+---------+---------+
       Grand Total:                   3746   941       517    


LINKER GENERATED COPY TABLES

__TI_cinit_table @ 00001250 records: 1, size/record: 8, table size: 8
	.data: load addr=00001248, load size=00000007 bytes, run addr=20000200, run size=00000005 bytes, compression=lzss


LINKER GENERATED HANDLER TABLE

__TI_handler_table @ 00001240 records: 2, size/record: 4, table size: 8
	index: 0, handler: __TI_decompress_lzss
	index: 1, handler: __TI_decompress_none


GLOBAL SYMBOLS: SORTED ALPHABETICALLY BY Name 

address   name                          
-------   ----                          
0000110b  C$$EXIT                       
000010af  CPUcpsie                      
00000fe1  GPIODirModeSet                
00000911  GPIOPadConfigSet              
00000ddd  GPIOPinConfigure              
0000102d  GPIOPinTypeI2C                
00001043  GPIOPinTypeI2CSCL             
00001059  GPIOPinTypeUART               
0000073f  I2C0_Init                     
0000077f  I2C0_Send                     
000010ff  I2CMasterControl              
00001103  I2CMasterDataPut              
000010c7  I2CMasterEnable               
00000e29  I2CMasterInitExpClk           
000010ed  I2CMasterIntEnable            
000010e5  I2CMasterSlaveAddrSet         
00000703  InitConsole                   
00001083  IntMasterEnable               
000010bb  ResetISR                      
00000a7d  SysCtlClockGet                
00000b95  SysCtlClockSet                
000010f3  SysCtlDelay                   
00000f79  SysCtlPeripheralEnable        
00000f41  SysCtlPeripheralPresent       
00000d8d  SysCtlPeripheralReset         
000010d1  UARTCharGet                   
000010db  UARTCharPut                   
00001093  UARTCharsAvail                
000010f9  UARTClockSourceSet            
00000e75  UARTConfigSetExpClk           
0000100d  UARTDisable                   
0000106f  UARTEnable                    
0000026d  UARTStdioConfig               
000003bd  UARTgetc                      
00000303  UARTgets                      
000006df  UARTprintf                    
000003e5  UARTvprintf                   
000002b3  UARTwrite                     
20000200  __STACK_END                   
00000200  __STACK_SIZE                  
20000200  __STACK_TOP                   
00001250  __TI_CINIT_Base               
00001258  __TI_CINIT_Limit              
00001240  __TI_Handler_Table_Base       
00001248  __TI_Handler_Table_Limit      
00000ebd  __TI_auto_init_nobinit_nopinit
00000d25  __TI_decompress_lzss          
000010a1  __TI_decompress_none          
ffffffff  __TI_pprof_out_hndl           
ffffffff  __TI_prof_data_size           
ffffffff  __TI_prof_data_start          
00000000  __TI_static_base__            
00000ebb  __aeabi_idiv0                 
00000ebb  __aeabi_ldiv0                 
00000c89  __aeabi_memcpy                
00000c89  __aeabi_memcpy4               
00000c89  __aeabi_memcpy8               
00000f01  __aeabi_uidiv                 
00000f01  __aeabi_uidivmod              
ffffffff  __binit__                     
ffffffff  __c_args__                    
UNDEFED   __mpu_init                    
20000000  __stack                       
20000000  __start___llvm_prf_cnts       
20000000  __stop___llvm_prf_cnts        
00000fad  _c_int00_noargs               
UNDEFED   _system_post_cinit            
00001107  _system_pre_init              
0000110b  abort                         
ffffffff  binit                         
00000000  g_pfnVectors                  
000007b3  main                          
00000c89  memcpy                        


GLOBAL SYMBOLS: SORTED BY Symbol Address 

address   name                          
-------   ----                          
00000000  __TI_static_base__            
00000000  g_pfnVectors                  
00000200  __STACK_SIZE                  
0000026d  UARTStdioConfig               
000002b3  UARTwrite                     
00000303  UARTgets                      
000003bd  UARTgetc                      
000003e5  UARTvprintf                   
000006df  UARTprintf                    
00000703  InitConsole                   
0000073f  I2C0_Init                     
0000077f  I2C0_Send                     
000007b3  main                          
00000911  GPIOPadConfigSet              
00000a7d  SysCtlClockGet                
00000b95  SysCtlClockSet                
00000c89  __aeabi_memcpy                
00000c89  __aeabi_memcpy4               
00000c89  __aeabi_memcpy8               
00000c89  memcpy                        
00000d25  __TI_decompress_lzss          
00000d8d  SysCtlPeripheralReset         
00000ddd  GPIOPinConfigure              
00000e29  I2CMasterInitExpClk           
00000e75  UARTConfigSetExpClk           
00000ebb  __aeabi_idiv0                 
00000ebb  __aeabi_ldiv0                 
00000ebd  __TI_auto_init_nobinit_nopinit
00000f01  __aeabi_uidiv                 
00000f01  __aeabi_uidivmod              
00000f41  SysCtlPeripheralPresent       
00000f79  SysCtlPeripheralEnable        
00000fad  _c_int00_noargs               
00000fe1  GPIODirModeSet                
0000100d  UARTDisable                   
0000102d  GPIOPinTypeI2C                
00001043  GPIOPinTypeI2CSCL             
00001059  GPIOPinTypeUART               
0000106f  UARTEnable                    
00001083  IntMasterEnable               
00001093  UARTCharsAvail                
000010a1  __TI_decompress_none          
000010af  CPUcpsie                      
000010bb  ResetISR                      
000010c7  I2CMasterEnable               
000010d1  UARTCharGet                   
000010db  UARTCharPut                   
000010e5  I2CMasterSlaveAddrSet         
000010ed  I2CMasterIntEnable            
000010f3  SysCtlDelay                   
000010f9  UARTClockSourceSet            
000010ff  I2CMasterControl              
00001103  I2CMasterDataPut              
00001107  _system_pre_init              
0000110b  C$$EXIT                       
0000110b  abort                         
00001240  __TI_Handler_Table_Base       
00001248  __TI_Handler_Table_Limit      
00001250  __TI_CINIT_Base               
00001258  __TI_CINIT_Limit              
20000000  __stack                       
20000000  __start___llvm_prf_cnts       
20000000  __stop___llvm_prf_cnts        
20000200  __STACK_END                   
20000200  __STACK_TOP                   
ffffffff  __TI_pprof_out_hndl           
ffffffff  __TI_prof_data_size           
ffffffff  __TI_prof_data_start          
ffffffff  __binit__                     
ffffffff  __c_args__                    
ffffffff  binit                         
UNDEFED   __mpu_init                    
UNDEFED   _system_post_cinit            

[73 symbols]
