******************************************************************************
                  TI ARM Linker PC v20.2.5                     
******************************************************************************
>> Linked Thu Jun  9 13:55:47 2022

OUTPUT FILE NAME:   <SPI_Communication_Master.out>
ENTRY POINT SYMBOL: "_c_int00_noargs"  address: 00000f49


MEMORY CONFIGURATION

         name            origin    length      used     unused   attr    fill
----------------------  --------  ---------  --------  --------  ----  --------
  FLASH                 00000000   00040000  000011c6  0003ee3a  R  X
  SRAM                  20000000   00008000  00000205  00007dfb  RW X


SEGMENT ALLOCATION MAP

run origin  load origin   length   init length attrs members
----------  ----------- ---------- ----------- ----- -------
00000000    00000000    000011c8   000011c8    r-x
  00000000    00000000    0000026c   0000026c    r-- .intvecs
  0000026c    0000026c    00000e16   00000e16    r-x .text
  00001084    00001084    0000012c   0000012c    r-- .const
  000011b0    000011b0    00000018   00000018    r-- .cinit
20000000    20000000    00000205   00000000    rw-
  20000000    20000000    00000200   00000000    rw- .stack
  20000200    20000200    00000005   00000000    rw- .data


SECTION ALLOCATION MAP

 output                                  attributes/
section   page    origin      length       input sections
--------  ----  ----------  ----------   ----------------
.intvecs   0    00000000    0000026c     
                  00000000    0000026c     tm4c123gh6pm_startup_ccs.obj (.intvecs)

.text      0    0000026c    00000e16     
                  0000026c    00000624     main.obj (.text)
                  00000890    0000016c     driverlib.lib : gpio.obj (.text:GPIOPadConfigSet)
                  000009fc    00000118                   : sysctl.obj (.text:SysCtlClockGet)
                  00000b14    000000f4                   : sysctl.obj (.text:SysCtlClockSet)
                  00000c08    0000009c     rtsv7M4_T_le_v4SPD16_eabi.lib : memcpy_t2.asm.obj (.text)
                  00000ca4    0000007a                                   : memset_t2.asm.obj (.text)
                  00000d1e    00000068                                   : copy_decompress_lzss.c.obj (.text:decompress:lzss:__TI_decompress_lzss)
                  00000d86    00000002                                   : div0.asm.obj (.text)
                  00000d88    0000004c     driverlib.lib : gpio.obj (.text:GPIOPinConfigure)
                  00000dd4    00000046                   : uart.obj (.text:UARTConfigSetExpClk)
                  00000e1a    00000002     --HOLE-- [fill = 0]
                  00000e1c    00000044     rtsv7M4_T_le_v4SPD16_eabi.lib : autoinit.c.obj (.text:__TI_auto_init_nobinit_nopinit:__TI_auto_init_nobinit_nopinit)
                  00000e60    00000040                                   : u_divt2.asm.obj (.text)
                  00000ea0    0000003c     driverlib.lib : ssi.obj (.text:SSIConfigSetExpClk)
                  00000edc    00000038                   : sysctl.obj (.text:SysCtlPeripheralPresent)
                  00000f14    00000034                   : sysctl.obj (.text:SysCtlPeripheralEnable)
                  00000f48    00000034     rtsv7M4_T_le_v4SPD16_eabi.lib : boot_cortex_m.c.obj (.text:_c_int00_noargs:_c_int00_noargs)
                  00000f7c    0000002c     driverlib.lib : gpio.obj (.text:GPIODirModeSet)
                  00000fa8    00000020                   : uart.obj (.text:UARTDisable)
                  00000fc8    00000016                   : gpio.obj (.text:GPIOPinTypeGPIOInput)
                  00000fde    00000016                   : gpio.obj (.text:GPIOPinTypeSSI)
                  00000ff4    00000016                   : gpio.obj (.text:GPIOPinTypeUART)
                  0000100a    00000014                   : uart.obj (.text:UARTEnable)
                  0000101e    0000000e     rtsv7M4_T_le_v4SPD16_eabi.lib : copy_decompress_none.c.obj (.text:decompress:none:__TI_decompress_none)
                  0000102c    0000000c     tm4c123gh6pm_startup_ccs.obj (.text)
                  00001038    0000000a     driverlib.lib : ssi.obj (.text:SSIDataPut)
                  00001042    0000000a                   : ssi.obj (.text:SSIEnable)
                  0000104c    0000000a                   : uart.obj (.text:UARTCharGet)
                  00001056    0000000a                   : uart.obj (.text:UARTCharPut)
                  00001060    00000008                   : ssi.obj (.text:SSIBusy)
                  00001068    00000006                   : gpio.obj (.text:GPIOPinRead)
                  0000106e    00000006                   : sysctl.obj (.text:SysCtlDelay)
                  00001074    00000006                   : uart.obj (.text:UARTClockSourceSet)
                  0000107a    00000004     rtsv7M4_T_le_v4SPD16_eabi.lib : pre_init.c.obj (.text:_system_pre_init)
                  0000107e    00000004                                   : exit.c.obj (.text:abort:abort)

.const     0    00001084    0000012c     
                  00001084    00000090     driverlib.lib : gpio.obj (.const:g_pui32GPIOBaseAddrs)
                  00001114    0000006c                   : sysctl.obj (.const:g_pui32Xtals)
                  00001180    00000012     main.obj (.const:.string)
                  00001192    00000002     --HOLE-- [fill = 0]
                  00001194    0000000c     main.obj (.const:g_ui32UARTBase)
                  000011a0    0000000c     main.obj (.const:g_ui32UARTPeriph)
                  000011ac    00000004     main.obj (.const)

.cinit     0    000011b0    00000018     
                  000011b0    00000008     (__TI_handler_table)
                  000011b8    00000007     (.cinit..data.load) [load image, compression = lzss]
                  000011bf    00000001     --HOLE-- [fill = 0]
                  000011c0    00000008     (__TI_cinit_table)

.init_array 
*          0    00000000    00000000     UNINITIALIZED

.data      0    20000200    00000005     UNINITIALIZED
                  20000200    00000005     main.obj (.data)

.stack     0    20000000    00000200     UNINITIALIZED
                  20000000    00000004     rtsv7M4_T_le_v4SPD16_eabi.lib : boot_cortex_m.c.obj (.stack)
                  20000004    000001fc     --HOLE--

__llvm_prf_cnts 
*          0    20000000    00000000     UNINITIALIZED

MODULE SUMMARY

       Module                         code   ro data   rw data
       ------                         ----   -------   -------
    .\
       main.obj                       1572   46        5      
       tm4c123gh6pm_startup_ccs.obj   12     620       0      
    +--+------------------------------+------+---------+---------+
       Total:                         1584   666       5      
                                                              
    ../driverlib.lib
       sysctl.obj                     638    108       0      
       gpio.obj                       556    144       0      
       uart.obj                       148    0         0      
       ssi.obj                        88     0         0      
    +--+------------------------------+------+---------+---------+
       Total:                         1430   252       0      
                                                              
    D:\CCS-10.4.0.00\ccs\tools\compiler\ti-cgt-arm_20.2.5.LTS\lib\rtsv7M4_T_le_v4SPD16_eabi.lib
       memcpy_t2.asm.obj              156    0         0      
       memset_t2.asm.obj              122    0         0      
       copy_decompress_lzss.c.obj     104    0         0      
       autoinit.c.obj                 68     0         0      
       u_divt2.asm.obj                64     0         0      
       boot_cortex_m.c.obj            52     0         0      
       copy_decompress_none.c.obj     14     0         0      
       exit.c.obj                     4      0         0      
       pre_init.c.obj                 4      0         0      
       div0.asm.obj                   2      0         0      
    +--+------------------------------+------+---------+---------+
       Total:                         590    0         0      
                                                              
       Stack:                         0      0         512    
       Linker Generated:              0      23        0      
    +--+------------------------------+------+---------+---------+
       Grand Total:                   3604   941       517    


LINKER GENERATED COPY TABLES

__TI_cinit_table @ 000011c0 records: 1, size/record: 8, table size: 8
	.data: load addr=000011b8, load size=00000007 bytes, run addr=20000200, run size=00000005 bytes, compression=lzss


LINKER GENERATED HANDLER TABLE

__TI_handler_table @ 000011b0 records: 2, size/record: 4, table size: 8
	index: 0, handler: __TI_decompress_lzss
	index: 1, handler: __TI_decompress_none


GLOBAL SYMBOLS: SORTED ALPHABETICALLY BY Name 

address   name                          
-------   ----                          
0000107f  C$$EXIT                       
00000f7d  GPIODirModeSet                
00000891  GPIOPadConfigSet              
00000d89  GPIOPinConfigure              
00001069  GPIOPinRead                   
00000fc9  GPIOPinTypeGPIOInput          
00000fdf  GPIOPinTypeSSI                
00000ff5  GPIOPinTypeUART               
0000102d  ResetISR                      
00001061  SSIBusy                       
00000ea1  SSIConfigSetExpClk            
00001039  SSIDataPut                    
00001043  SSIEnable                     
000009fd  SysCtlClockGet                
00000b15  SysCtlClockSet                
0000106f  SysCtlDelay                   
00000f15  SysCtlPeripheralEnable        
00000edd  SysCtlPeripheralPresent       
0000104d  UARTCharGet                   
00001057  UARTCharPut                   
00001075  UARTClockSourceSet            
00000dd5  UARTConfigSetExpClk           
00000fa9  UARTDisable                   
0000100b  UARTEnable                    
0000026d  UARTStdioConfig               
000003bd  UARTgetc                      
00000303  UARTgets                      
000006df  UARTprintf                    
000003e5  UARTvprintf                   
000002b3  UARTwrite                     
20000200  __STACK_END                   
00000200  __STACK_SIZE                  
20000200  __STACK_TOP                   
000011c0  __TI_CINIT_Base               
000011c8  __TI_CINIT_Limit              
000011b0  __TI_Handler_Table_Base       
000011b8  __TI_Handler_Table_Limit      
00000e1d  __TI_auto_init_nobinit_nopinit
00000d1f  __TI_decompress_lzss          
0000101f  __TI_decompress_none          
ffffffff  __TI_pprof_out_hndl           
ffffffff  __TI_prof_data_size           
ffffffff  __TI_prof_data_start          
00000000  __TI_static_base__            
00000d87  __aeabi_idiv0                 
00000d87  __aeabi_ldiv0                 
00000ca5  __aeabi_memclr                
00000ca5  __aeabi_memclr4               
00000ca5  __aeabi_memclr8               
00000c09  __aeabi_memcpy                
00000c09  __aeabi_memcpy4               
00000c09  __aeabi_memcpy8               
00000ca7  __aeabi_memset                
00000ca7  __aeabi_memset4               
00000ca7  __aeabi_memset8               
00000e61  __aeabi_uidiv                 
00000e61  __aeabi_uidivmod              
ffffffff  __binit__                     
ffffffff  __c_args__                    
UNDEFED   __mpu_init                    
20000000  __stack                       
20000000  __start___llvm_prf_cnts       
20000000  __stop___llvm_prf_cnts        
00000f49  _c_int00_noargs               
UNDEFED   _system_post_cinit            
0000107b  _system_pre_init              
0000107f  abort                         
ffffffff  binit                         
00000000  g_pfnVectors                  
00000707  main                          
00000c09  memcpy                        
00000cad  memset                        


GLOBAL SYMBOLS: SORTED BY Symbol Address 

address   name                          
-------   ----                          
00000000  __TI_static_base__            
00000000  g_pfnVectors                  
00000200  __STACK_SIZE                  
0000026d  UARTStdioConfig               
000002b3  UARTwrite                     
00000303  UARTgets                      
000003bd  UARTgetc                      
000003e5  UARTvprintf                   
000006df  UARTprintf                    
00000707  main                          
00000891  GPIOPadConfigSet              
000009fd  SysCtlClockGet                
00000b15  SysCtlClockSet                
00000c09  __aeabi_memcpy                
00000c09  __aeabi_memcpy4               
00000c09  __aeabi_memcpy8               
00000c09  memcpy                        
00000ca5  __aeabi_memclr                
00000ca5  __aeabi_memclr4               
00000ca5  __aeabi_memclr8               
00000ca7  __aeabi_memset                
00000ca7  __aeabi_memset4               
00000ca7  __aeabi_memset8               
00000cad  memset                        
00000d1f  __TI_decompress_lzss          
00000d87  __aeabi_idiv0                 
00000d87  __aeabi_ldiv0                 
00000d89  GPIOPinConfigure              
00000dd5  UARTConfigSetExpClk           
00000e1d  __TI_auto_init_nobinit_nopinit
00000e61  __aeabi_uidiv                 
00000e61  __aeabi_uidivmod              
00000ea1  SSIConfigSetExpClk            
00000edd  SysCtlPeripheralPresent       
00000f15  SysCtlPeripheralEnable        
00000f49  _c_int00_noargs               
00000f7d  GPIODirModeSet                
00000fa9  UARTDisable                   
00000fc9  GPIOPinTypeGPIOInput          
00000fdf  GPIOPinTypeSSI                
00000ff5  GPIOPinTypeUART               
0000100b  UARTEnable                    
0000101f  __TI_decompress_none          
0000102d  ResetISR                      
00001039  SSIDataPut                    
00001043  SSIEnable                     
0000104d  UARTCharGet                   
00001057  UARTCharPut                   
00001061  SSIBusy                       
00001069  GPIOPinRead                   
0000106f  SysCtlDelay                   
00001075  UARTClockSourceSet            
0000107b  _system_pre_init              
0000107f  C$$EXIT                       
0000107f  abort                         
000011b0  __TI_Handler_Table_Base       
000011b8  __TI_Handler_Table_Limit      
000011c0  __TI_CINIT_Base               
000011c8  __TI_CINIT_Limit              
20000000  __stack                       
20000000  __start___llvm_prf_cnts       
20000000  __stop___llvm_prf_cnts        
20000200  __STACK_END                   
20000200  __STACK_TOP                   
ffffffff  __TI_pprof_out_hndl           
ffffffff  __TI_prof_data_size           
ffffffff  __TI_prof_data_start          
ffffffff  __binit__                     
ffffffff  __c_args__                    
ffffffff  binit                         
UNDEFED   __mpu_init                    
UNDEFED   _system_post_cinit            

[72 symbols]
