******************************************************************************
                  TI ARM Linker PC v20.2.5                     
******************************************************************************
>> Linked Thu Jun  9 14:08:47 2022

OUTPUT FILE NAME:   <SPI_Communication_Slave.out>
ENTRY POINT SYMBOL: "_c_int00_noargs"  address: 00000ec1


MEMORY CONFIGURATION

         name            origin    length      used     unused   attr    fill
----------------------  --------  ---------  --------  --------  ----  --------
  FLASH                 00000000   00040000  0000114c  0003eeb4  R  X
  SRAM                  20000000   00008000  00000205  00007dfb  RW X


SEGMENT ALLOCATION MAP

run origin  load origin   length   init length attrs members
----------  ----------- ---------- ----------- ----- -------
00000000    00000000    00001150   00001150    r-x
  00000000    00000000    0000026c   0000026c    r-- .intvecs
  0000026c    0000026c    00000d9c   00000d9c    r-x .text
  00001008    00001008    0000012c   0000012c    r-- .const
  00001138    00001138    00000018   00000018    r-- .cinit
20000000    20000000    00000205   00000000    rw-
  20000000    20000000    00000200   00000000    rw- .stack
  20000200    20000200    00000005   00000000    rw- .data


SECTION ALLOCATION MAP

 output                                  attributes/
section   page    origin      length       input sections
--------  ----  ----------  ----------   ----------------
.intvecs   0    00000000    0000026c     
                  00000000    0000026c     tm4c123gh6pm_startup_ccs.obj (.intvecs)

.text      0    0000026c    00000d9c     
                  0000026c    00000618     main.obj (.text)
                  00000884    0000016c     driverlib.lib : gpio.obj (.text:GPIOPadConfigSet)
                  000009f0    00000118                   : sysctl.obj (.text:SysCtlClockGet)
                  00000b08    000000f4                   : sysctl.obj (.text:SysCtlClockSet)
                  00000bfc    0000009c     rtsv7M4_T_le_v4SPD16_eabi.lib : memcpy_t2.asm.obj (.text)
                  00000c98    00000068                                   : copy_decompress_lzss.c.obj (.text:decompress:lzss:__TI_decompress_lzss)
                  00000d00    0000004c     driverlib.lib : gpio.obj (.text:GPIOPinConfigure)
                  00000d4c    00000046                   : uart.obj (.text:UARTConfigSetExpClk)
                  00000d92    00000002     rtsv7M4_T_le_v4SPD16_eabi.lib : div0.asm.obj (.text)
                  00000d94    00000044                                   : autoinit.c.obj (.text:__TI_auto_init_nobinit_nopinit:__TI_auto_init_nobinit_nopinit)
                  00000dd8    00000040                                   : u_divt2.asm.obj (.text)
                  00000e18    0000003c     driverlib.lib : ssi.obj (.text:SSIConfigSetExpClk)
                  00000e54    00000038                   : sysctl.obj (.text:SysCtlPeripheralPresent)
                  00000e8c    00000034                   : sysctl.obj (.text:SysCtlPeripheralEnable)
                  00000ec0    00000034     rtsv7M4_T_le_v4SPD16_eabi.lib : boot_cortex_m.c.obj (.text:_c_int00_noargs:_c_int00_noargs)
                  00000ef4    0000002c     driverlib.lib : gpio.obj (.text:GPIODirModeSet)
                  00000f20    00000020                   : uart.obj (.text:UARTDisable)
                  00000f40    00000016                   : gpio.obj (.text:GPIOPinTypeGPIOInput)
                  00000f56    00000016                   : gpio.obj (.text:GPIOPinTypeSSI)
                  00000f6c    00000016                   : gpio.obj (.text:GPIOPinTypeUART)
                  00000f82    00000014                   : uart.obj (.text:UARTEnable)
                  00000f96    00000012                   : ssi.obj (.text:SSIDataGetNonBlocking)
                  00000fa8    0000000e     rtsv7M4_T_le_v4SPD16_eabi.lib : copy_decompress_none.c.obj (.text:decompress:none:__TI_decompress_none)
                  00000fb6    0000000c     driverlib.lib : ssi.obj (.text:SSIDataGet)
                  00000fc2    0000000c     tm4c123gh6pm_startup_ccs.obj (.text)
                  00000fce    0000000a     driverlib.lib : ssi.obj (.text:SSIEnable)
                  00000fd8    0000000a                   : uart.obj (.text:UARTCharGet)
                  00000fe2    0000000a                   : uart.obj (.text:UARTCharPut)
                  00000fec    00000008                   : ssi.obj (.text:SSIBusy)
                  00000ff4    00000006                   : sysctl.obj (.text:SysCtlDelay)
                  00000ffa    00000006                   : uart.obj (.text:UARTClockSourceSet)
                  00001000    00000004     rtsv7M4_T_le_v4SPD16_eabi.lib : pre_init.c.obj (.text:_system_pre_init)
                  00001004    00000004                                   : exit.c.obj (.text:abort:abort)

.const     0    00001008    0000012c     
                  00001008    00000090     driverlib.lib : gpio.obj (.const:g_pui32GPIOBaseAddrs)
                  00001098    0000006c                   : sysctl.obj (.const:g_pui32Xtals)
                  00001104    00000012     main.obj (.const:.string)
                  00001116    00000002     --HOLE-- [fill = 0]
                  00001118    0000000c     main.obj (.const:g_ui32UARTBase)
                  00001124    0000000c     main.obj (.const:g_ui32UARTPeriph)
                  00001130    00000004     main.obj (.const)

.cinit     0    00001138    00000018     
                  00001138    00000008     (__TI_handler_table)
                  00001140    00000007     (.cinit..data.load) [load image, compression = lzss]
                  00001147    00000001     --HOLE-- [fill = 0]
                  00001148    00000008     (__TI_cinit_table)

.init_array 
*          0    00000000    00000000     UNINITIALIZED

.data      0    20000200    00000005     UNINITIALIZED
                  20000200    00000005     main.obj (.data)

.stack     0    20000000    00000200     UNINITIALIZED
                  20000000    00000004     rtsv7M4_T_le_v4SPD16_eabi.lib : boot_cortex_m.c.obj (.stack)
                  20000004    000001fc     --HOLE--

__llvm_prf_cnts 
*          0    20000000    00000000     UNINITIALIZED

MODULE SUMMARY

       Module                         code   ro data   rw data
       ------                         ----   -------   -------
    .\
       main.obj                       1560   46        5      
       tm4c123gh6pm_startup_ccs.obj   12     620       0      
    +--+------------------------------+------+---------+---------+
       Total:                         1572   666       5      
                                                              
    ../driverlib.lib
       sysctl.obj                     638    108       0      
       gpio.obj                       550    144       0      
       uart.obj                       148    0         0      
       ssi.obj                        108    0         0      
    +--+------------------------------+------+---------+---------+
       Total:                         1444   252       0      
                                                              
    D:\CCS-10.4.0.00\ccs\tools\compiler\ti-cgt-arm_20.2.5.LTS\lib\rtsv7M4_T_le_v4SPD16_eabi.lib
       memcpy_t2.asm.obj              156    0         0      
       copy_decompress_lzss.c.obj     104    0         0      
       autoinit.c.obj                 68     0         0      
       u_divt2.asm.obj                64     0         0      
       boot_cortex_m.c.obj            52     0         0      
       copy_decompress_none.c.obj     14     0         0      
       exit.c.obj                     4      0         0      
       pre_init.c.obj                 4      0         0      
       div0.asm.obj                   2      0         0      
    +--+------------------------------+------+---------+---------+
       Total:                         468    0         0      
                                                              
       Stack:                         0      0         512    
       Linker Generated:              0      23        0      
    +--+------------------------------+------+---------+---------+
       Grand Total:                   3484   941       517    


LINKER GENERATED COPY TABLES

__TI_cinit_table @ 00001148 records: 1, size/record: 8, table size: 8
	.data: load addr=00001140, load size=00000007 bytes, run addr=20000200, run size=00000005 bytes, compression=lzss


LINKER GENERATED HANDLER TABLE

__TI_handler_table @ 00001138 records: 2, size/record: 4, table size: 8
	index: 0, handler: __TI_decompress_lzss
	index: 1, handler: __TI_decompress_none


GLOBAL SYMBOLS: SORTED ALPHABETICALLY BY Name 

address   name                          
-------   ----                          
00001005  C$$EXIT                       
00000ef5  GPIODirModeSet                
00000885  GPIOPadConfigSet              
00000d01  GPIOPinConfigure              
00000f41  GPIOPinTypeGPIOInput          
00000f57  GPIOPinTypeSSI                
00000f6d  GPIOPinTypeUART               
00000fc3  ResetISR                      
00000fed  SSIBusy                       
00000e19  SSIConfigSetExpClk            
00000fb7  SSIDataGet                    
00000f97  SSIDataGetNonBlocking         
00000fcf  SSIEnable                     
000009f1  SysCtlClockGet                
00000b09  SysCtlClockSet                
00000ff5  SysCtlDelay                   
00000e8d  SysCtlPeripheralEnable        
00000e55  SysCtlPeripheralPresent       
00000fd9  UARTCharGet                   
00000fe3  UARTCharPut                   
00000ffb  UARTClockSourceSet            
00000d4d  UARTConfigSetExpClk           
00000f21  UARTDisable                   
00000f83  UARTEnable                    
0000026d  UARTStdioConfig               
000003bd  UARTgetc                      
00000303  UARTgets                      
000006df  UARTprintf                    
000003e5  UARTvprintf                   
000002b3  UARTwrite                     
20000200  __STACK_END                   
00000200  __STACK_SIZE                  
20000200  __STACK_TOP                   
00001148  __TI_CINIT_Base               
00001150  __TI_CINIT_Limit              
00001138  __TI_Handler_Table_Base       
00001140  __TI_Handler_Table_Limit      
00000d95  __TI_auto_init_nobinit_nopinit
00000c99  __TI_decompress_lzss          
00000fa9  __TI_decompress_none          
ffffffff  __TI_pprof_out_hndl           
ffffffff  __TI_prof_data_size           
ffffffff  __TI_prof_data_start          
00000000  __TI_static_base__            
00000d93  __aeabi_idiv0                 
00000d93  __aeabi_ldiv0                 
00000bfd  __aeabi_memcpy                
00000bfd  __aeabi_memcpy4               
00000bfd  __aeabi_memcpy8               
00000dd9  __aeabi_uidiv                 
00000dd9  __aeabi_uidivmod              
ffffffff  __binit__                     
ffffffff  __c_args__                    
UNDEFED   __mpu_init                    
20000000  __stack                       
20000000  __start___llvm_prf_cnts       
20000000  __stop___llvm_prf_cnts        
00000ec1  _c_int00_noargs               
UNDEFED   _system_post_cinit            
00001001  _system_pre_init              
00001005  abort                         
ffffffff  binit                         
00000000  g_pfnVectors                  
00000707  main                          
00000bfd  memcpy                        


GLOBAL SYMBOLS: SORTED BY Symbol Address 

address   name                          
-------   ----                          
00000000  __TI_static_base__            
00000000  g_pfnVectors                  
00000200  __STACK_SIZE                  
0000026d  UARTStdioConfig               
000002b3  UARTwrite                     
00000303  UARTgets                      
000003bd  UARTgetc                      
000003e5  UARTvprintf                   
000006df  UARTprintf                    
00000707  main                          
00000885  GPIOPadConfigSet              
000009f1  SysCtlClockGet                
00000b09  SysCtlClockSet                
00000bfd  __aeabi_memcpy                
00000bfd  __aeabi_memcpy4               
00000bfd  __aeabi_memcpy8               
00000bfd  memcpy                        
00000c99  __TI_decompress_lzss          
00000d01  GPIOPinConfigure              
00000d4d  UARTConfigSetExpClk           
00000d93  __aeabi_idiv0                 
00000d93  __aeabi_ldiv0                 
00000d95  __TI_auto_init_nobinit_nopinit
00000dd9  __aeabi_uidiv                 
00000dd9  __aeabi_uidivmod              
00000e19  SSIConfigSetExpClk            
00000e55  SysCtlPeripheralPresent       
00000e8d  SysCtlPeripheralEnable        
00000ec1  _c_int00_noargs               
00000ef5  GPIODirModeSet                
00000f21  UARTDisable                   
00000f41  GPIOPinTypeGPIOInput          
00000f57  GPIOPinTypeSSI                
00000f6d  GPIOPinTypeUART               
00000f83  UARTEnable                    
00000f97  SSIDataGetNonBlocking         
00000fa9  __TI_decompress_none          
00000fb7  SSIDataGet                    
00000fc3  ResetISR                      
00000fcf  SSIEnable                     
00000fd9  UARTCharGet                   
00000fe3  UARTCharPut                   
00000fed  SSIBusy                       
00000ff5  SysCtlDelay                   
00000ffb  UARTClockSourceSet            
00001001  _system_pre_init              
00001005  C$$EXIT                       
00001005  abort                         
00001138  __TI_Handler_Table_Base       
00001140  __TI_Handler_Table_Limit      
00001148  __TI_CINIT_Base               
00001150  __TI_CINIT_Limit              
20000000  __stack                       
20000000  __start___llvm_prf_cnts       
20000000  __stop___llvm_prf_cnts        
20000200  __STACK_END                   
20000200  __STACK_TOP                   
ffffffff  __TI_pprof_out_hndl           
ffffffff  __TI_prof_data_size           
ffffffff  __TI_prof_data_start          
ffffffff  __binit__                     
ffffffff  __c_args__                    
ffffffff  binit                         
UNDEFED   __mpu_init                    
UNDEFED   _system_post_cinit            

[65 symbols]
