******************************************************************************
                  TI ARM Linker PC v20.2.5                     
******************************************************************************
>> Linked Sat Jun 11 13:48:12 2022

OUTPUT FILE NAME:   <Nokia_5110_LCD_Display.out>
ENTRY POINT SYMBOL: "_c_int00_noargs"  address: 00000b05


MEMORY CONFIGURATION

         name            origin    length      used     unused   attr    fill
----------------------  --------  ---------  --------  --------  ----  --------
  FLASH                 00000000   00040000  00000ff2  0003f00e  R  X
  SRAM                  20000000   00008000  0000041c  00007be4  RW X


SEGMENT ALLOCATION MAP

run origin  load origin   length   init length attrs members
----------  ----------- ---------- ----------- ----- -------
00000000    00000000    00000ff8   00000ff8    r-x
  00000000    00000000    0000026c   0000026c    r-- .intvecs
  0000026c    0000026c    00000972   00000972    r-x .text
  00000be0    00000be0    0000033c   0000033c    r-- .const
  00000f20    00000f20    000000d8   000000d8    r-- .cinit
20000000    20000000    00000420   00000000    rw-
  20000000    20000000    0000021c   00000000    rw- .data
  20000220    20000220    00000200   00000000    rw- .stack


SECTION ALLOCATION MAP

 output                                  attributes/
section   page    origin      length       input sections
--------  ----  ----------  ----------   ----------------
.intvecs   0    00000000    0000026c     
                  00000000    0000026c     tm4c123gh6pm_startup_ccs.obj (.intvecs)

.text      0    0000026c    00000972     
                  0000026c    0000031c     main.obj (.text)
                  00000588    0000016c     driverlib.lib : gpio.obj (.text:GPIOPadConfigSet)
                  000006f4    00000118                   : sysctl.obj (.text:SysCtlClockGet)
                  0000080c    000000f4                   : sysctl.obj (.text:SysCtlClockSet)
                  00000900    0000009c     rtsv7M4_T_le_v4SPD16_eabi.lib : memcpy_t2.asm.obj (.text)
                  0000099c    00000068                                   : copy_decompress_lzss.c.obj (.text:decompress:lzss:__TI_decompress_lzss)
                  00000a04    0000004c     driverlib.lib : gpio.obj (.text:GPIOPinConfigure)
                  00000a50    00000044     rtsv7M4_T_le_v4SPD16_eabi.lib : autoinit.c.obj (.text:__TI_auto_init_nobinit_nopinit:__TI_auto_init_nobinit_nopinit)
                  00000a94    0000003c     driverlib.lib : ssi.obj (.text:SSIConfigSetExpClk)
                  00000ad0    00000034                   : sysctl.obj (.text:SysCtlPeripheralEnable)
                  00000b04    00000034     rtsv7M4_T_le_v4SPD16_eabi.lib : boot_cortex_m.c.obj (.text:_c_int00_noargs:_c_int00_noargs)
                  00000b38    0000002c     driverlib.lib : gpio.obj (.text:GPIODirModeSet)
                  00000b64    0000001a                   : gpio.obj (.text:GPIOPinTypeGPIOOutput)
                  00000b7e    00000016                   : gpio.obj (.text:GPIOPinTypeSSI)
                  00000b94    0000000e     rtsv7M4_T_le_v4SPD16_eabi.lib : copy_decompress_none.c.obj (.text:decompress:none:__TI_decompress_none)
                  00000ba2    0000000c     tm4c123gh6pm_startup_ccs.obj (.text)
                  00000bae    0000000a     driverlib.lib : ssi.obj (.text:SSIDataPut)
                  00000bb8    0000000a                   : ssi.obj (.text:SSIEnable)
                  00000bc2    00000008                   : ssi.obj (.text:SSIBusy)
                  00000bca    00000006                   : gpio.obj (.text:GPIOPinWrite)
                  00000bd0    00000006                   : sysctl.obj (.text:SysCtlDelay)
                  00000bd6    00000004     rtsv7M4_T_le_v4SPD16_eabi.lib : pre_init.c.obj (.text:_system_pre_init)
                  00000bda    00000004                                   : exit.c.obj (.text:abort:abort)

.const     0    00000be0    0000033c     
                  00000be0    0000021c     main.obj (.const:$P$T1$2)
                  00000dfc    00000090     driverlib.lib : gpio.obj (.const:g_pui32GPIOBaseAddrs)
                  00000e8c    0000006c                   : sysctl.obj (.const:g_pui32Xtals)
                  00000ef8    0000001b     main.obj (.const:.string:$P$T0$1)
                  00000f13    00000009     main.obj (.const:.string:$P$T2$3)

.cinit     0    00000f20    000000d8     
                  00000f20    000000c6     (.cinit..data.load) [load image, compression = lzss]
                  00000fe6    00000002     --HOLE-- [fill = 0]
                  00000fe8    00000008     (__TI_handler_table)
                  00000ff0    00000008     (__TI_cinit_table)

.init_array 
*          0    00000000    00000000     UNINITIALIZED

.data      0    20000000    0000021c     UNINITIALIZED
                  20000000    0000021c     main.obj (.data:Alh_ltr)

.stack     0    20000220    00000200     UNINITIALIZED
                  20000220    00000004     rtsv7M4_T_le_v4SPD16_eabi.lib : boot_cortex_m.c.obj (.stack)
                  20000224    000001fc     --HOLE--

__llvm_prf_cnts 
*          0    20000000    00000000     UNINITIALIZED

MODULE SUMMARY

       Module                         code   ro data   rw data
       ------                         ----   -------   -------
    .\
       main.obj                       796    576       540    
       tm4c123gh6pm_startup_ccs.obj   12     620       0      
    +--+------------------------------+------+---------+---------+
       Total:                         808    1196      540    
                                                              
    ../driverlib.lib
       sysctl.obj                     582    108       0      
       gpio.obj                       538    144       0      
       ssi.obj                        88     0         0      
    +--+------------------------------+------+---------+---------+
       Total:                         1208   252       0      
                                                              
    D:\CCS-10.4.0.00\ccs\tools\compiler\ti-cgt-arm_20.2.5.LTS\lib\rtsv7M4_T_le_v4SPD16_eabi.lib
       memcpy_t2.asm.obj              156    0         0      
       copy_decompress_lzss.c.obj     104    0         0      
       autoinit.c.obj                 68     0         0      
       boot_cortex_m.c.obj            52     0         0      
       copy_decompress_none.c.obj     14     0         0      
       exit.c.obj                     4      0         0      
       pre_init.c.obj                 4      0         0      
    +--+------------------------------+------+---------+---------+
       Total:                         402    0         0      
                                                              
       Stack:                         0      0         512    
       Linker Generated:              0      214       0      
    +--+------------------------------+------+---------+---------+
       Grand Total:                   2418   1662      1052   


LINKER GENERATED COPY TABLES

__TI_cinit_table @ 00000ff0 records: 1, size/record: 8, table size: 8
	.data: load addr=00000f20, load size=000000c6 bytes, run addr=20000000, run size=0000021c bytes, compression=lzss


LINKER GENERATED HANDLER TABLE

__TI_handler_table @ 00000fe8 records: 2, size/record: 4, table size: 8
	index: 0, handler: __TI_decompress_lzss
	index: 1, handler: __TI_decompress_none


GLOBAL SYMBOLS: SORTED ALPHABETICALLY BY Name 

address   name                          
-------   ----                          
20000000  Alh_ltr                       
00000bdb  C$$EXIT                       
00000b39  GPIODirModeSet                
00000589  GPIOPadConfigSet              
00000a05  GPIOPinConfigure              
00000b65  GPIOPinTypeGPIOOutput         
00000b7f  GPIOPinTypeSSI                
00000bcb  GPIOPinWrite                  
00000335  Int_it                        
000002d1  LCD_Clear                     
00000ba3  ResetISR                      
00000bc3  SSIBusy                       
00000a95  SSIConfigSetExpClk            
00000baf  SSIDataPut                    
00000bb9  SSIEnable                     
000006f5  SysCtlClockGet                
0000080d  SysCtlClockSet                
00000bd1  SysCtlDelay                   
00000ad1  SysCtlPeripheralEnable        
20000420  __STACK_END                   
00000200  __STACK_SIZE                  
20000420  __STACK_TOP                   
00000ff0  __TI_CINIT_Base               
00000ff8  __TI_CINIT_Limit              
00000fe8  __TI_Handler_Table_Base       
00000ff0  __TI_Handler_Table_Limit      
00000a51  __TI_auto_init_nobinit_nopinit
0000099d  __TI_decompress_lzss          
00000b95  __TI_decompress_none          
ffffffff  __TI_pprof_out_hndl           
ffffffff  __TI_prof_data_size           
ffffffff  __TI_prof_data_start          
00000000  __TI_static_base__            
00000901  __aeabi_memcpy                
00000901  __aeabi_memcpy4               
00000901  __aeabi_memcpy8               
ffffffff  __binit__                     
ffffffff  __c_args__                    
UNDEFED   __mpu_init                    
20000220  __stack                       
20000000  __start___llvm_prf_cnts       
20000000  __stop___llvm_prf_cnts        
00000b05  _c_int00_noargs               
UNDEFED   _system_post_cinit            
00000bd7  _system_pre_init              
00000bdb  abort                         
ffffffff  binit                         
00000499  cursorPosition                
00000000  g_pfnVectors                  
000004c9  main                          
00000901  memcpy                        
000003e1  nokia_cmd                     
0000041b  nokia_data                    
0000026d  nokia_map                     
00000313  nokia_rst                     
0000046d  strlen_nokia                  


GLOBAL SYMBOLS: SORTED BY Symbol Address 

address   name                          
-------   ----                          
00000000  __TI_static_base__            
00000000  g_pfnVectors                  
00000200  __STACK_SIZE                  
0000026d  nokia_map                     
000002d1  LCD_Clear                     
00000313  nokia_rst                     
00000335  Int_it                        
000003e1  nokia_cmd                     
0000041b  nokia_data                    
0000046d  strlen_nokia                  
00000499  cursorPosition                
000004c9  main                          
00000589  GPIOPadConfigSet              
000006f5  SysCtlClockGet                
0000080d  SysCtlClockSet                
00000901  __aeabi_memcpy                
00000901  __aeabi_memcpy4               
00000901  __aeabi_memcpy8               
00000901  memcpy                        
0000099d  __TI_decompress_lzss          
00000a05  GPIOPinConfigure              
00000a51  __TI_auto_init_nobinit_nopinit
00000a95  SSIConfigSetExpClk            
00000ad1  SysCtlPeripheralEnable        
00000b05  _c_int00_noargs               
00000b39  GPIODirModeSet                
00000b65  GPIOPinTypeGPIOOutput         
00000b7f  GPIOPinTypeSSI                
00000b95  __TI_decompress_none          
00000ba3  ResetISR                      
00000baf  SSIDataPut                    
00000bb9  SSIEnable                     
00000bc3  SSIBusy                       
00000bcb  GPIOPinWrite                  
00000bd1  SysCtlDelay                   
00000bd7  _system_pre_init              
00000bdb  C$$EXIT                       
00000bdb  abort                         
00000fe8  __TI_Handler_Table_Base       
00000ff0  __TI_CINIT_Base               
00000ff0  __TI_Handler_Table_Limit      
00000ff8  __TI_CINIT_Limit              
20000000  Alh_ltr                       
20000000  __start___llvm_prf_cnts       
20000000  __stop___llvm_prf_cnts        
20000220  __stack                       
20000420  __STACK_END                   
20000420  __STACK_TOP                   
ffffffff  __TI_pprof_out_hndl           
ffffffff  __TI_prof_data_size           
ffffffff  __TI_prof_data_start          
ffffffff  __binit__                     
ffffffff  __c_args__                    
ffffffff  binit                         
UNDEFED   __mpu_init                    
UNDEFED   _system_post_cinit            

[56 symbols]
