******************************************************************************
                  TI ARM Linker PC v20.2.5                     
******************************************************************************
>> Linked Thu Jun  2 14:48:07 2022

OUTPUT FILE NAME:   <Timer_Interrupt.out>
ENTRY POINT SYMBOL: "_c_int00_noargs"  address: 00000865


MEMORY CONFIGURATION

         name            origin    length      used     unused   attr    fill
----------------------  --------  ---------  --------  --------  ----  --------
  FLASH                 00000000   00040000  00000aa4  0003f55c  R  X
  SRAM                  20000000   00008000  0000046c  00007b94  RW X


SEGMENT ALLOCATION MAP

run origin  load origin   length   init length attrs members
----------  ----------- ---------- ----------- ----- -------
00000000    00000000    00000aa4   00000aa4    r-x
  00000000    00000000    0000026c   0000026c    r-- .intvecs
  0000026c    0000026c    00000704   00000704    r-x .text
  00000970    00000970    00000120   00000120    r-- .const
  00000a90    00000a90    00000014   00000014    r-- .cinit
20000000    20000000    00000470   00000000    rw-
  20000000    20000000    0000026c   00000000    rw- .vtable
  20000270    20000270    00000200   00000000    rw- .stack


SECTION ALLOCATION MAP

 output                                  attributes/
section   page    origin      length       input sections
--------  ----  ----------  ----------   ----------------
.intvecs   0    00000000    0000026c     
                  00000000    0000026c     tm4c123gh6pm_startup_ccs.obj (.intvecs)

.text      0    0000026c    00000704     
                  0000026c    0000016c     driverlib.lib : gpio.obj (.text:GPIOPadConfigSet)
                  000003d8    00000118                   : sysctl.obj (.text:SysCtlClockGet)
                  000004f0    000000f4                   : sysctl.obj (.text:SysCtlClockSet)
                  000005e4    000000c0     main.obj (.text)
                  000006a4    00000068     driverlib.lib : interrupt.obj (.text:IntEnable)
                  0000070c    00000060                   : timer.obj (.text:TimerConfigure)
                  0000076c    0000004c                   : timer.obj (.text:_TimerIntNumberGet)
                  000007b8    00000044     rtsv7M4_T_le_v4SPD16_eabi.lib : autoinit.c.obj (.text:__TI_auto_init_nobinit_nopinit:__TI_auto_init_nobinit_nopinit)
                  000007fc    00000034     driverlib.lib : interrupt.obj (.text:IntRegister)
                  00000830    00000034                   : sysctl.obj (.text:SysCtlPeripheralEnable)
                  00000864    00000034     rtsv7M4_T_le_v4SPD16_eabi.lib : boot_cortex_m.c.obj (.text:_c_int00_noargs:_c_int00_noargs)
                  00000898    0000002c     driverlib.lib : gpio.obj (.text:GPIODirModeSet)
                  000008c4    0000001c     rtsv7M4_T_le_v4SPD16_eabi.lib : copy_zero_init.c.obj (.text:decompress:ZI:__TI_zero_init_nomemset:__TI_zero_init_nomemset)
                  000008e0    0000001a     driverlib.lib : gpio.obj (.text:GPIOPinTypeGPIOOutput)
                  000008fa    00000018                   : timer.obj (.text:TimerIntRegister)
                  00000912    00000018     rtsv7M4_T_le_v4SPD16_eabi.lib : ll_mul_t2.asm.obj (.text)
                  0000092a    0000000e     driverlib.lib : timer.obj (.text:TimerEnable)
                  00000938    0000000c     tm4c123gh6pm_startup_ccs.obj (.text)
                  00000944    00000008     driverlib.lib : timer.obj (.text:TimerIntEnable)
                  0000094c    00000006                   : gpio.obj (.text:GPIOPinRead)
                  00000952    00000006                   : gpio.obj (.text:GPIOPinWrite)
                  00000958    00000006                   : sysctl.obj (.text:SysCtlDelay)
                  0000095e    00000006                   : timer.obj (.text:TimerLoadSet64)
                  00000964    00000004                   : timer.obj (.text:TimerIntClear)
                  00000968    00000004     rtsv7M4_T_le_v4SPD16_eabi.lib : pre_init.c.obj (.text:_system_pre_init)
                  0000096c    00000004                                   : exit.c.obj (.text:abort:abort)

.const     0    00000970    00000120     
                  00000970    0000006c     driverlib.lib : sysctl.obj (.const:g_pui32Xtals)
                  000009dc    00000060                   : timer.obj (.const:g_ppui32TimerIntMap)
                  00000a3c    00000040                   : timer.obj (.const:g_ppui32TimerIntMapSnowflake)
                  00000a7c    00000014                   : interrupt.obj (.const:g_pui32EnRegs)

.cinit     0    00000a90    00000014     
                  00000a90    00000008     (.cinit..vtable.load) [load image, compression = zero_init]
                  00000a98    00000004     (__TI_handler_table)
                  00000a9c    00000008     (__TI_cinit_table)

.init_array 
*          0    00000000    00000000     UNINITIALIZED

.vtable    0    20000000    0000026c     UNINITIALIZED
                  20000000    0000026c     driverlib.lib : interrupt.obj (.vtable)

.stack     0    20000270    00000200     UNINITIALIZED
                  20000270    00000004     rtsv7M4_T_le_v4SPD16_eabi.lib : boot_cortex_m.c.obj (.stack)
                  20000274    000001fc     --HOLE--

__llvm_prf_cnts 
*          0    20000000    00000000     UNINITIALIZED

MODULE SUMMARY

       Module                         code   ro data   rw data
       ------                         ----   -------   -------
    .\
       tm4c123gh6pm_startup_ccs.obj   12     620       0      
       main.obj                       192    0         0      
    +--+------------------------------+------+---------+---------+
       Total:                         204    620       0      
                                                              
    ../driverlib.lib
       interrupt.obj                  156    20        620    
       sysctl.obj                     582    108       0      
       gpio.obj                       446    0         0      
       timer.obj                      228    160       0      
    +--+------------------------------+------+---------+---------+
       Total:                         1412   288       620    
                                                              
    D:\CCS-10.4.0.00\ccs\tools\compiler\ti-cgt-arm_20.2.5.LTS\lib\rtsv7M4_T_le_v4SPD16_eabi.lib
       autoinit.c.obj                 68     0         0      
       boot_cortex_m.c.obj            52     0         0      
       copy_zero_init.c.obj           28     0         0      
       ll_mul_t2.asm.obj              24     0         0      
       exit.c.obj                     4      0         0      
       pre_init.c.obj                 4      0         0      
    +--+------------------------------+------+---------+---------+
       Total:                         180    0         0      
                                                              
       Stack:                         0      0         512    
       Linker Generated:              0      20        0      
    +--+------------------------------+------+---------+---------+
       Grand Total:                   1796   928       1132   


LINKER GENERATED COPY TABLES

__TI_cinit_table @ 00000a9c records: 1, size/record: 8, table size: 8
	.vtable: load addr=00000a90, load size=00000008 bytes, run addr=20000000, run size=0000026c bytes, compression=zero_init


LINKER GENERATED HANDLER TABLE

__TI_handler_table @ 00000a98 records: 1, size/record: 4, table size: 4
	index: 0, handler: __TI_zero_init


GLOBAL SYMBOLS: SORTED ALPHABETICALLY BY Name 

address   name                          
-------   ----                          
0000096d  C$$EXIT                       
00000899  GPIODirModeSet                
0000026d  GPIOPadConfigSet              
0000094d  GPIOPinRead                   
000008e1  GPIOPinTypeGPIOOutput         
00000953  GPIOPinWrite                  
000006a5  IntEnable                     
000007fd  IntRegister                   
00000939  ResetISR                      
000003d9  SysCtlClockGet                
000004f1  SysCtlClockSet                
00000959  SysCtlDelay                   
00000831  SysCtlPeripheralEnable        
0000065f  Timer0IntHandler              
0000070d  TimerConfigure                
0000092b  TimerEnable                   
00000965  TimerIntClear                 
00000945  TimerIntEnable                
000008fb  TimerIntRegister              
0000095f  TimerLoadSet64                
20000470  __STACK_END                   
00000200  __STACK_SIZE                  
20000470  __STACK_TOP                   
00000a9c  __TI_CINIT_Base               
00000aa4  __TI_CINIT_Limit              
00000a98  __TI_Handler_Table_Base       
00000a9c  __TI_Handler_Table_Limit      
000007b9  __TI_auto_init_nobinit_nopinit
ffffffff  __TI_pprof_out_hndl           
ffffffff  __TI_prof_data_size           
ffffffff  __TI_prof_data_start          
00000000  __TI_static_base__            
000008c5  __TI_zero_init_nomemset       
00000913  __aeabi_lmul                  
ffffffff  __binit__                     
ffffffff  __c_args__                    
UNDEFED   __mpu_init                    
20000270  __stack                       
20000000  __start___llvm_prf_cnts       
20000000  __stop___llvm_prf_cnts        
00000865  _c_int00_noargs               
UNDEFED   _system_post_cinit            
00000969  _system_pre_init              
0000096d  abort                         
ffffffff  binit                         
20000000  g_pfnRAMVectors               
00000000  g_pfnVectors                  
000005e5  main                          


GLOBAL SYMBOLS: SORTED BY Symbol Address 

address   name                          
-------   ----                          
00000000  __TI_static_base__            
00000000  g_pfnVectors                  
00000200  __STACK_SIZE                  
0000026d  GPIOPadConfigSet              
000003d9  SysCtlClockGet                
000004f1  SysCtlClockSet                
000005e5  main                          
0000065f  Timer0IntHandler              
000006a5  IntEnable                     
0000070d  TimerConfigure                
000007b9  __TI_auto_init_nobinit_nopinit
000007fd  IntRegister                   
00000831  SysCtlPeripheralEnable        
00000865  _c_int00_noargs               
00000899  GPIODirModeSet                
000008c5  __TI_zero_init_nomemset       
000008e1  GPIOPinTypeGPIOOutput         
000008fb  TimerIntRegister              
00000913  __aeabi_lmul                  
0000092b  TimerEnable                   
00000939  ResetISR                      
00000945  TimerIntEnable                
0000094d  GPIOPinRead                   
00000953  GPIOPinWrite                  
00000959  SysCtlDelay                   
0000095f  TimerLoadSet64                
00000965  TimerIntClear                 
00000969  _system_pre_init              
0000096d  C$$EXIT                       
0000096d  abort                         
00000a98  __TI_Handler_Table_Base       
00000a9c  __TI_CINIT_Base               
00000a9c  __TI_Handler_Table_Limit      
00000aa4  __TI_CINIT_Limit              
20000000  __start___llvm_prf_cnts       
20000000  __stop___llvm_prf_cnts        
20000000  g_pfnRAMVectors               
20000270  __stack                       
20000470  __STACK_END                   
20000470  __STACK_TOP                   
ffffffff  __TI_pprof_out_hndl           
ffffffff  __TI_prof_data_size           
ffffffff  __TI_prof_data_start          
ffffffff  __binit__                     
ffffffff  __c_args__                    
ffffffff  binit                         
UNDEFED   __mpu_init                    
UNDEFED   _system_post_cinit            

[48 symbols]
