******************************************************************************
                  TI ARM Linker PC v20.2.5                     
******************************************************************************
>> Linked Mon Jun  6 13:22:52 2022

OUTPUT FILE NAME:   <UART_Internal_UART0.out>
ENTRY POINT SYMBOL: "_c_int00_noargs"  address: 00000c91


MEMORY CONFIGURATION

         name            origin    length      used     unused   attr    fill
----------------------  --------  ---------  --------  --------  ----  --------
  FLASH                 00000000   00040000  00000e54  0003f1ac  R  X
  SRAM                  20000000   00008000  00000205  00007dfb  RW X


SEGMENT ALLOCATION MAP

run origin  load origin   length   init length attrs members
----------  ----------- ---------- ----------- ----- -------
00000000    00000000    00000e58   00000e58    r-x
  00000000    00000000    0000026c   0000026c    r-- .intvecs
  0000026c    0000026c    00000b10   00000b10    r-x .text
  00000d7c    00000d7c    000000c0   000000c0    r-- .const
  00000e40    00000e40    00000018   00000018    r-- .cinit
20000000    20000000    00000205   00000000    rw-
  20000000    20000000    00000200   00000000    rw- .stack
  20000200    20000200    00000005   00000000    rw- .data


SECTION ALLOCATION MAP

 output                                  attributes/
section   page    origin      length       input sections
--------  ----  ----------  ----------   ----------------
.intvecs   0    00000000    0000026c     
                  00000000    0000026c     tm4c123gh6pm_startup_ccs.obj (.intvecs)

.text      0    0000026c    00000b10     
                  0000026c    0000053c     main.obj (.text)
                  000007a8    0000016c     driverlib.lib : gpio.obj (.text:GPIOPadConfigSet)
                  00000914    000000f4                   : sysctl.obj (.text:SysCtlClockSet)
                  00000a08    0000009c     rtsv7M4_T_le_v4SPD16_eabi.lib : memcpy_t2.asm.obj (.text)
                  00000aa4    00000068                                   : copy_decompress_lzss.c.obj (.text:decompress:lzss:__TI_decompress_lzss)
                  00000b0c    0000004c     driverlib.lib : gpio.obj (.text:GPIOPinConfigure)
                  00000b58    00000046                   : uart.obj (.text:UARTConfigSetExpClk)
                  00000b9e    00000002     rtsv7M4_T_le_v4SPD16_eabi.lib : div0.asm.obj (.text)
                  00000ba0    00000044                                   : autoinit.c.obj (.text:__TI_auto_init_nobinit_nopinit:__TI_auto_init_nobinit_nopinit)
                  00000be4    00000040                                   : u_divt2.asm.obj (.text)
                  00000c24    00000038     driverlib.lib : sysctl.obj (.text:SysCtlPeripheralPresent)
                  00000c5c    00000034                   : sysctl.obj (.text:SysCtlPeripheralEnable)
                  00000c90    00000034     rtsv7M4_T_le_v4SPD16_eabi.lib : boot_cortex_m.c.obj (.text:_c_int00_noargs:_c_int00_noargs)
                  00000cc4    0000002c     driverlib.lib : gpio.obj (.text:GPIODirModeSet)
                  00000cf0    00000020                   : uart.obj (.text:UARTDisable)
                  00000d10    00000016                   : gpio.obj (.text:GPIOPinTypeUART)
                  00000d26    00000014                   : uart.obj (.text:UARTEnable)
                  00000d3a    0000000e     rtsv7M4_T_le_v4SPD16_eabi.lib : copy_decompress_none.c.obj (.text:decompress:none:__TI_decompress_none)
                  00000d48    0000000c     tm4c123gh6pm_startup_ccs.obj (.text)
                  00000d54    0000000a     driverlib.lib : uart.obj (.text:UARTCharGet)
                  00000d5e    0000000a                   : uart.obj (.text:UARTCharPut)
                  00000d68    00000006                   : sysctl.obj (.text:SysCtlDelay)
                  00000d6e    00000006                   : uart.obj (.text:UARTClockSourceSet)
                  00000d74    00000004     rtsv7M4_T_le_v4SPD16_eabi.lib : pre_init.c.obj (.text:_system_pre_init)
                  00000d78    00000004                                   : exit.c.obj (.text:abort:abort)

.const     0    00000d7c    000000c0     
                  00000d7c    00000090     driverlib.lib : gpio.obj (.const:g_pui32GPIOBaseAddrs)
                  00000e0c    00000012     main.obj (.const:.string)
                  00000e1e    00000002     --HOLE-- [fill = 0]
                  00000e20    0000000c     main.obj (.const:g_ui32UARTBase)
                  00000e2c    0000000c     main.obj (.const:g_ui32UARTPeriph)
                  00000e38    00000004     main.obj (.const)

.cinit     0    00000e40    00000018     
                  00000e40    00000008     (__TI_handler_table)
                  00000e48    00000007     (.cinit..data.load) [load image, compression = lzss]
                  00000e4f    00000001     --HOLE-- [fill = 0]
                  00000e50    00000008     (__TI_cinit_table)

.init_array 
*          0    00000000    00000000     UNINITIALIZED

.data      0    20000200    00000005     UNINITIALIZED
                  20000200    00000005     main.obj (.data)

.stack     0    20000000    00000200     UNINITIALIZED
                  20000000    00000004     rtsv7M4_T_le_v4SPD16_eabi.lib : boot_cortex_m.c.obj (.stack)
                  20000004    000001fc     --HOLE--

__llvm_prf_cnts 
*          0    20000000    00000000     UNINITIALIZED

MODULE SUMMARY

       Module                         code   ro data   rw data
       ------                         ----   -------   -------
    .\
       main.obj                       1340   46        5      
       tm4c123gh6pm_startup_ccs.obj   12     620       0      
    +--+------------------------------+------+---------+---------+
       Total:                         1352   666       5      
                                                              
    ../driverlib.lib
       gpio.obj                       506    144       0      
       sysctl.obj                     358    0         0      
       uart.obj                       148    0         0      
    +--+------------------------------+------+---------+---------+
       Total:                         1012   144       0      
                                                              
    D:\CCS-10.4.0.00\ccs\tools\compiler\ti-cgt-arm_20.2.5.LTS\lib\rtsv7M4_T_le_v4SPD16_eabi.lib
       memcpy_t2.asm.obj              156    0         0      
       copy_decompress_lzss.c.obj     104    0         0      
       autoinit.c.obj                 68     0         0      
       u_divt2.asm.obj                64     0         0      
       boot_cortex_m.c.obj            52     0         0      
       copy_decompress_none.c.obj     14     0         0      
       exit.c.obj                     4      0         0      
       pre_init.c.obj                 4      0         0      
       div0.asm.obj                   2      0         0      
    +--+------------------------------+------+---------+---------+
       Total:                         468    0         0      
                                                              
       Stack:                         0      0         512    
       Linker Generated:              0      23        0      
    +--+------------------------------+------+---------+---------+
       Grand Total:                   2832   833       517    


LINKER GENERATED COPY TABLES

__TI_cinit_table @ 00000e50 records: 1, size/record: 8, table size: 8
	.data: load addr=00000e48, load size=00000007 bytes, run addr=20000200, run size=00000005 bytes, compression=lzss


LINKER GENERATED HANDLER TABLE

__TI_handler_table @ 00000e40 records: 2, size/record: 4, table size: 8
	index: 0, handler: __TI_decompress_lzss
	index: 1, handler: __TI_decompress_none


GLOBAL SYMBOLS: SORTED ALPHABETICALLY BY Name 

address   name                          
-------   ----                          
00000d79  C$$EXIT                       
00000cc5  GPIODirModeSet                
000007a9  GPIOPadConfigSet              
00000b0d  GPIOPinConfigure              
00000d11  GPIOPinTypeUART               
00000d49  ResetISR                      
00000915  SysCtlClockSet                
00000d69  SysCtlDelay                   
00000c5d  SysCtlPeripheralEnable        
00000c25  SysCtlPeripheralPresent       
00000d55  UARTCharGet                   
00000d5f  UARTCharPut                   
00000d6f  UARTClockSourceSet            
00000b59  UARTConfigSetExpClk           
00000cf1  UARTDisable                   
00000d27  UARTEnable                    
0000026d  UARTStdioConfig               
000003bd  UARTgetc                      
00000303  UARTgets                      
000006df  UARTprintf                    
000003e5  UARTvprintf                   
000002b3  UARTwrite                     
20000200  __STACK_END                   
00000200  __STACK_SIZE                  
20000200  __STACK_TOP                   
00000e50  __TI_CINIT_Base               
00000e58  __TI_CINIT_Limit              
00000e40  __TI_Handler_Table_Base       
00000e48  __TI_Handler_Table_Limit      
00000ba1  __TI_auto_init_nobinit_nopinit
00000aa5  __TI_decompress_lzss          
00000d3b  __TI_decompress_none          
ffffffff  __TI_pprof_out_hndl           
ffffffff  __TI_prof_data_size           
ffffffff  __TI_prof_data_start          
00000000  __TI_static_base__            
00000b9f  __aeabi_idiv0                 
00000b9f  __aeabi_ldiv0                 
00000a09  __aeabi_memcpy                
00000a09  __aeabi_memcpy4               
00000a09  __aeabi_memcpy8               
00000be5  __aeabi_uidiv                 
00000be5  __aeabi_uidivmod              
ffffffff  __binit__                     
ffffffff  __c_args__                    
UNDEFED   __mpu_init                    
20000000  __stack                       
20000000  __start___llvm_prf_cnts       
20000000  __stop___llvm_prf_cnts        
00000c91  _c_int00_noargs               
UNDEFED   _system_post_cinit            
00000d75  _system_pre_init              
00000d79  abort                         
ffffffff  binit                         
00000000  g_pfnVectors                  
00000703  main                          
00000a09  memcpy                        


GLOBAL SYMBOLS: SORTED BY Symbol Address 

address   name                          
-------   ----                          
00000000  __TI_static_base__            
00000000  g_pfnVectors                  
00000200  __STACK_SIZE                  
0000026d  UARTStdioConfig               
000002b3  UARTwrite                     
00000303  UARTgets                      
000003bd  UARTgetc                      
000003e5  UARTvprintf                   
000006df  UARTprintf                    
00000703  main                          
000007a9  GPIOPadConfigSet              
00000915  SysCtlClockSet                
00000a09  __aeabi_memcpy                
00000a09  __aeabi_memcpy4               
00000a09  __aeabi_memcpy8               
00000a09  memcpy                        
00000aa5  __TI_decompress_lzss          
00000b0d  GPIOPinConfigure              
00000b59  UARTConfigSetExpClk           
00000b9f  __aeabi_idiv0                 
00000b9f  __aeabi_ldiv0                 
00000ba1  __TI_auto_init_nobinit_nopinit
00000be5  __aeabi_uidiv                 
00000be5  __aeabi_uidivmod              
00000c25  SysCtlPeripheralPresent       
00000c5d  SysCtlPeripheralEnable        
00000c91  _c_int00_noargs               
00000cc5  GPIODirModeSet                
00000cf1  UARTDisable                   
00000d11  GPIOPinTypeUART               
00000d27  UARTEnable                    
00000d3b  __TI_decompress_none          
00000d49  ResetISR                      
00000d55  UARTCharGet                   
00000d5f  UARTCharPut                   
00000d69  SysCtlDelay                   
00000d6f  UARTClockSourceSet            
00000d75  _system_pre_init              
00000d79  C$$EXIT                       
00000d79  abort                         
00000e40  __TI_Handler_Table_Base       
00000e48  __TI_Handler_Table_Limit      
00000e50  __TI_CINIT_Base               
00000e58  __TI_CINIT_Limit              
20000000  __stack                       
20000000  __start___llvm_prf_cnts       
20000000  __stop___llvm_prf_cnts        
20000200  __STACK_END                   
20000200  __STACK_TOP                   
ffffffff  __TI_pprof_out_hndl           
ffffffff  __TI_prof_data_size           
ffffffff  __TI_prof_data_start          
ffffffff  __binit__                     
ffffffff  __c_args__                    
ffffffff  binit                         
UNDEFED   __mpu_init                    
UNDEFED   _system_post_cinit            

[57 symbols]
