******************************************************************************
                  TI ARM Linker PC v20.2.5                     
******************************************************************************
>> Linked Fri Jun  3 14:37:04 2022

OUTPUT FILE NAME:   <PWM_LED_Control.out>
ENTRY POINT SYMBOL: "_c_int00_noargs"  address: 00000ab9


MEMORY CONFIGURATION

         name            origin    length      used     unused   attr    fill
----------------------  --------  ---------  --------  --------  ----  --------
  FLASH                 00000000   00040000  00000d26  0003f2da  R  X
  SRAM                  20000000   00008000  00000474  00007b8c  RW X


SEGMENT ALLOCATION MAP

run origin  load origin   length   init length attrs members
----------  ----------- ---------- ----------- ----- -------
00000000    00000000    00000d28   00000d28    r-x
  00000000    00000000    0000026c   0000026c    r-- .intvecs
  0000026c    0000026c    0000098e   0000098e    r-x .text
  00000bfc    00000bfc    000000fc   000000fc    r-- .const
  00000cf8    00000cf8    00000030   00000030    r-- .cinit
20000000    20000000    00000478   00000000    rw-
  20000000    20000000    0000026c   00000000    rw- .vtable
  20000270    20000270    00000200   00000000    rw- .stack
  20000470    20000470    00000008   00000000    rw- .data


SECTION ALLOCATION MAP

 output                                  attributes/
section   page    origin      length       input sections
--------  ----  ----------  ----------   ----------------
.intvecs   0    00000000    0000026c     
                  00000000    0000026c     tm4c123gh6pm_startup_ccs.obj (.intvecs)

.text      0    0000026c    0000098e     
                  0000026c    00000278     main.obj (.text)
                  000004e4    0000016c     driverlib.lib : gpio.obj (.text:GPIOPadConfigSet)
                  00000650    00000118                   : sysctl.obj (.text:SysCtlClockGet)
                  00000768    000000f4                   : sysctl.obj (.text:SysCtlClockSet)
                  0000085c    0000009c     rtsv7M4_T_le_v4SPD16_eabi.lib : memcpy_t2.asm.obj (.text)
                  000008f8    00000068                                   : copy_decompress_lzss.c.obj (.text:decompress:lzss:__TI_decompress_lzss)
                  00000960    00000060     driverlib.lib : timer.obj (.text:TimerConfigure)
                  000009c0    0000004c                   : gpio.obj (.text:GPIOPinConfigure)
                  00000a0c    00000044     rtsv7M4_T_le_v4SPD16_eabi.lib : autoinit.c.obj (.text:__TI_auto_init_nobinit_nopinit:__TI_auto_init_nobinit_nopinit)
                  00000a50    00000034     driverlib.lib : interrupt.obj (.text:IntRegister)
                  00000a84    00000034                   : sysctl.obj (.text:SysCtlPeripheralEnable)
                  00000ab8    00000034     rtsv7M4_T_le_v4SPD16_eabi.lib : boot_cortex_m.c.obj (.text:_c_int00_noargs:_c_int00_noargs)
                  00000aec    0000002c     driverlib.lib : gpio.obj (.text:GPIODirModeSet)
                  00000b18    0000001c                   : systick.obj (.text:SysTickIntRegister)
                  00000b34    0000001c     rtsv7M4_T_le_v4SPD16_eabi.lib : copy_zero_init.c.obj (.text:decompress:ZI:__TI_zero_init_nomemset:__TI_zero_init_nomemset)
                  00000b50    00000016     driverlib.lib : gpio.obj (.text:GPIOPinTypeTimer)
                  00000b66    00000002     --HOLE-- [fill = 0]
                  00000b68    00000014                   : systick.obj (.text:SysTickEnable)
                  00000b7c    00000014                   : systick.obj (.text:SysTickIntEnable)
                  00000b90    00000012                   : timer.obj (.text:TimerLoadSet)
                  00000ba2    00000012                   : timer.obj (.text:TimerMatchSet)
                  00000bb4    00000010                   : systick.obj (.text:SysTickPeriodSet)
                  00000bc4    0000000e                   : timer.obj (.text:TimerEnable)
                  00000bd2    0000000e     rtsv7M4_T_le_v4SPD16_eabi.lib : copy_decompress_none.c.obj (.text:decompress:none:__TI_decompress_none)
                  00000be0    0000000c     tm4c123gh6pm_startup_ccs.obj (.text)
                  00000bec    00000006     driverlib.lib : sysctl.obj (.text:SysCtlDelay)
                  00000bf2    00000004     rtsv7M4_T_le_v4SPD16_eabi.lib : pre_init.c.obj (.text:_system_pre_init)
                  00000bf6    00000004                                   : exit.c.obj (.text:abort:abort)

.const     0    00000bfc    000000fc     
                  00000bfc    00000090     driverlib.lib : gpio.obj (.const:g_pui32GPIOBaseAddrs)
                  00000c8c    0000006c                   : sysctl.obj (.const:g_pui32Xtals)

.cinit     0    00000cf8    00000030     
                  00000cf8    0000000c     (__TI_handler_table)
                  00000d04    0000000b     (.cinit..data.load) [load image, compression = lzss]
                  00000d0f    00000001     --HOLE-- [fill = 0]
                  00000d10    00000008     (.cinit..vtable.load) [load image, compression = zero_init]
                  00000d18    00000010     (__TI_cinit_table)

.init_array 
*          0    00000000    00000000     UNINITIALIZED

.vtable    0    20000000    0000026c     UNINITIALIZED
                  20000000    0000026c     driverlib.lib : interrupt.obj (.vtable)

.data      0    20000470    00000008     UNINITIALIZED
                  20000470    00000008     main.obj (.data)

.stack     0    20000270    00000200     UNINITIALIZED
                  20000270    00000004     rtsv7M4_T_le_v4SPD16_eabi.lib : boot_cortex_m.c.obj (.stack)
                  20000274    000001fc     --HOLE--

__llvm_prf_cnts 
*          0    20000000    00000000     UNINITIALIZED

MODULE SUMMARY

       Module                         code   ro data   rw data
       ------                         ----   -------   -------
    .\
       main.obj                       632    0         8      
       tm4c123gh6pm_startup_ccs.obj   12     620       0      
    +--+------------------------------+------+---------+---------+
       Total:                         644    620       8      
                                                              
    ../driverlib.lib
       sysctl.obj                     582    108       0      
       interrupt.obj                  52     0         620    
       gpio.obj                       506    144       0      
       timer.obj                      146    0         0      
       systick.obj                    84     0         0      
    +--+------------------------------+------+---------+---------+
       Total:                         1370   252       620    
                                                              
    D:\CCS-10.4.0.00\ccs\tools\compiler\ti-cgt-arm_20.2.5.LTS\lib\rtsv7M4_T_le_v4SPD16_eabi.lib
       memcpy_t2.asm.obj              156    0         0      
       copy_decompress_lzss.c.obj     104    0         0      
       autoinit.c.obj                 68     0         0      
       boot_cortex_m.c.obj            52     0         0      
       copy_zero_init.c.obj           28     0         0      
       copy_decompress_none.c.obj     14     0         0      
       exit.c.obj                     4      0         0      
       pre_init.c.obj                 4      0         0      
    +--+------------------------------+------+---------+---------+
       Total:                         430    0         0      
                                                              
       Stack:                         0      0         512    
       Linker Generated:              0      47        0      
    +--+------------------------------+------+---------+---------+
       Grand Total:                   2444   919       1140   


LINKER GENERATED COPY TABLES

__TI_cinit_table @ 00000d18 records: 2, size/record: 8, table size: 16
	.data: load addr=00000d04, load size=0000000b bytes, run addr=20000470, run size=00000008 bytes, compression=lzss
	.vtable: load addr=00000d10, load size=00000008 bytes, run addr=20000000, run size=0000026c bytes, compression=zero_init


LINKER GENERATED HANDLER TABLE

__TI_handler_table @ 00000cf8 records: 3, size/record: 4, table size: 12
	index: 0, handler: __TI_zero_init
	index: 1, handler: __TI_decompress_lzss
	index: 2, handler: __TI_decompress_none


GLOBAL SYMBOLS: SORTED ALPHABETICALLY BY Name 

address   name                          
-------   ----                          
00000bf7  C$$EXIT                       
00000aed  GPIODirModeSet                
000004e5  GPIOPadConfigSet              
000009c1  GPIOPinConfigure              
00000b51  GPIOPinTypeTimer              
00000a51  IntRegister                   
00000be1  ResetISR                      
0000026d  SycTickInt                    
00000651  SysCtlClockGet                
00000769  SysCtlClockSet                
00000bed  SysCtlDelay                   
00000a85  SysCtlPeripheralEnable        
00000b69  SysTickEnable                 
00000b7d  SysTickIntEnable              
00000b19  SysTickIntRegister            
00000bb5  SysTickPeriodSet              
00000277  SysTickbegin                  
00000961  TimerConfigure                
00000bc5  TimerEnable                   
00000b91  TimerLoadSet                  
00000ba3  TimerMatchSet                 
0000028f  Wait                          
20000470  __STACK_END                   
00000200  __STACK_SIZE                  
20000470  __STACK_TOP                   
00000d18  __TI_CINIT_Base               
00000d28  __TI_CINIT_Limit              
00000cf8  __TI_Handler_Table_Base       
00000d04  __TI_Handler_Table_Limit      
00000a0d  __TI_auto_init_nobinit_nopinit
000008f9  __TI_decompress_lzss          
00000bd3  __TI_decompress_none          
ffffffff  __TI_pprof_out_hndl           
ffffffff  __TI_prof_data_size           
ffffffff  __TI_prof_data_start          
00000000  __TI_static_base__            
00000b35  __TI_zero_init_nomemset       
0000085d  __aeabi_memcpy                
0000085d  __aeabi_memcpy4               
0000085d  __aeabi_memcpy8               
ffffffff  __binit__                     
ffffffff  __c_args__                    
UNDEFED   __mpu_init                    
20000270  __stack                       
20000000  __start___llvm_prf_cnts       
20000000  __stop___llvm_prf_cnts        
00000ab9  _c_int00_noargs               
UNDEFED   _system_post_cinit            
00000bf3  _system_pre_init              
00000bf7  abort                         
ffffffff  binit                         
20000474  freq                          
20000000  g_pfnRAMVectors               
00000000  g_pfnVectors                  
000002ad  main                          
0000085d  memcpy                        
20000470  millis                        


GLOBAL SYMBOLS: SORTED BY Symbol Address 

address   name                          
-------   ----                          
00000000  __TI_static_base__            
00000000  g_pfnVectors                  
00000200  __STACK_SIZE                  
0000026d  SycTickInt                    
00000277  SysTickbegin                  
0000028f  Wait                          
000002ad  main                          
000004e5  GPIOPadConfigSet              
00000651  SysCtlClockGet                
00000769  SysCtlClockSet                
0000085d  __aeabi_memcpy                
0000085d  __aeabi_memcpy4               
0000085d  __aeabi_memcpy8               
0000085d  memcpy                        
000008f9  __TI_decompress_lzss          
00000961  TimerConfigure                
000009c1  GPIOPinConfigure              
00000a0d  __TI_auto_init_nobinit_nopinit
00000a51  IntRegister                   
00000a85  SysCtlPeripheralEnable        
00000ab9  _c_int00_noargs               
00000aed  GPIODirModeSet                
00000b19  SysTickIntRegister            
00000b35  __TI_zero_init_nomemset       
00000b51  GPIOPinTypeTimer              
00000b69  SysTickEnable                 
00000b7d  SysTickIntEnable              
00000b91  TimerLoadSet                  
00000ba3  TimerMatchSet                 
00000bb5  SysTickPeriodSet              
00000bc5  TimerEnable                   
00000bd3  __TI_decompress_none          
00000be1  ResetISR                      
00000bed  SysCtlDelay                   
00000bf3  _system_pre_init              
00000bf7  C$$EXIT                       
00000bf7  abort                         
00000cf8  __TI_Handler_Table_Base       
00000d04  __TI_Handler_Table_Limit      
00000d18  __TI_CINIT_Base               
00000d28  __TI_CINIT_Limit              
20000000  __start___llvm_prf_cnts       
20000000  __stop___llvm_prf_cnts        
20000000  g_pfnRAMVectors               
20000270  __stack                       
20000470  __STACK_END                   
20000470  __STACK_TOP                   
20000470  millis                        
20000474  freq                          
ffffffff  __TI_pprof_out_hndl           
ffffffff  __TI_prof_data_size           
ffffffff  __TI_prof_data_start          
ffffffff  __binit__                     
ffffffff  __c_args__                    
ffffffff  binit                         
UNDEFED   __mpu_init                    
UNDEFED   _system_post_cinit            

[57 symbols]
