******************************************************************************
                  TI ARM Linker PC v20.2.5                     
******************************************************************************
>> Linked Wed Jun  8 10:51:10 2022

OUTPUT FILE NAME:   <LCD_Interface_4BIT.out>
ENTRY POINT SYMBOL: "_c_int00_noargs"  address: 0000203d


MEMORY CONFIGURATION

         name            origin    length      used     unused   attr    fill
----------------------  --------  ---------  --------  --------  ----  --------
  FLASH                 00000000   00040000  0000220a  0003ddf6  R  X
  SRAM                  20000000   00008000  00000258  00007da8  RW X


SEGMENT ALLOCATION MAP

run origin  load origin   length   init length attrs members
----------  ----------- ---------- ----------- ----- -------
00000000    00000000    00002210   00002210    r-x
  00000000    00000000    0000026c   0000026c    r-- .intvecs
  0000026c    0000026c    00001f34   00001f34    r-x .text
  000021a0    000021a0    0000003a   0000003a    r-- .const
  000021e0    000021e0    00000030   00000030    r-- .cinit
20000000    20000000    00000258   00000000    rw-
  20000000    20000000    00000200   00000000    rw- .stack
  20000200    20000200    00000034   00000000    rw- .bss
  20000234    20000234    00000014   00000000    rw- .data
  20000248    20000248    00000010   00000000    rw- .sysmem


SECTION ALLOCATION MAP

 output                                  attributes/
section   page    origin      length       input sections
--------  ----  ----------  ----------   ----------------
.intvecs   0    00000000    0000026c     
                  00000000    0000026c     tm4c123gh6pm_startup_ccs.obj (.intvecs)

.text      0    0000026c    00001f34     
                  0000026c    000009d0     rtsv7M4_T_le_v4SPD16_eabi.lib : e_pow.c.obj (.text:pow)
                  00000c3c    000004b4     LCD.obj (.text)
                  000010f0    000001b6     rtsv7M4_T_le_v4SPD16_eabi.lib : fd_add_t2.asm.obj (.text)
                  000012a6    00000002                                   : _lock.c.obj (.text:_nop)
                  000012a8    0000016c     driverlib.lib : gpio.obj (.text:GPIOPadConfigSet)
                  00001414    00000164     float.obj (.text)
                  00001578    00000158     rtsv7M4_T_le_v4SPD16_eabi.lib : e_sqrt.c.obj (.text:sqrt)
                  000016d0    00000136                                   : fd_div_t2.asm.obj (.text)
                  00001806    00000002     --HOLE-- [fill = 0]
                  00001808    00000110                                   : s_scalbn.c.obj (.text:scalbn)
                  00001918    00000100                                   : memory.c.obj (.text:aligned_alloc)
                  00001a18    000000fc                                   : fd_mul_t2.asm.obj (.text)
                  00001b14    000000f4     driverlib.lib : sysctl.obj (.text:SysCtlClockSet)
                  00001c08    0000009c     rtsv7M4_T_le_v4SPD16_eabi.lib : memcpy_t2.asm.obj (.text)
                  00001ca4    00000094     main.obj (.text)
                  00001d38    00000086     rtsv7M4_T_le_v4SPD16_eabi.lib : fd_cmp_t2.asm.obj (.text:__aeabi_cdcmple)
                  00001dbe    00000086                                   : fd_cmp_t2.asm.obj (.text:__aeabi_cdrcmple)
                  00001e44    00000070                                   : memory.c.obj (.text:split)
                  00001eb4    0000006e                                   : fd_tos_t2.asm.obj (.text)
                  00001f22    00000068                                   : copy_decompress_lzss.c.obj (.text:decompress:lzss:__TI_decompress_lzss)
                  00001f8a    00000002     --HOLE-- [fill = 0]
                  00001f8c    00000044                                   : autoinit.c.obj (.text:__TI_auto_init_nobinit_nopinit:__TI_auto_init_nobinit_nopinit)
                  00001fd0    00000038                                   : fs_tod_t2.asm.obj (.text)
                  00002008    00000034     driverlib.lib : sysctl.obj (.text:SysCtlPeripheralEnable)
                  0000203c    00000034     rtsv7M4_T_le_v4SPD16_eabi.lib : boot_cortex_m.c.obj (.text:_c_int00_noargs:_c_int00_noargs)
                  00002070    0000002e                                   : i_tofd_t2.asm.obj (.text)
                  0000209e    0000002c     driverlib.lib : gpio.obj (.text:GPIODirModeSet)
                  000020ca    00000002     --HOLE-- [fill = 0]
                  000020cc    00000028     rtsv7M4_T_le_v4SPD16_eabi.lib : memory.c.obj (.text:free_list_insert)
                  000020f4    0000001c                                   : copy_zero_init.c.obj (.text:decompress:ZI:__TI_zero_init_nomemset:__TI_zero_init_nomemset)
                  00002110    0000001c                                   : memory.c.obj (.text:free_list_remove)
                  0000212c    0000001a     driverlib.lib : gpio.obj (.text:GPIOPinTypeGPIOOutput)
                  00002146    0000001a     rtsv7M4_T_le_v4SPD16_eabi.lib : s_copysign.c.obj (.text:copysign)
                  00002160    0000000e                                   : copy_decompress_none.c.obj (.text:decompress:none:__TI_decompress_none)
                  0000216e    0000000c     tm4c123gh6pm_startup_ccs.obj (.text)
                  0000217a    00000002     --HOLE-- [fill = 0]
                  0000217c    00000008     rtsv7M4_T_le_v4SPD16_eabi.lib : errno.c.obj (.text:__aeabi_errno_addr)
                  00002184    00000008                                   : memory.c.obj (.text:malloc)
                  0000218c    00000006     driverlib.lib : gpio.obj (.text:GPIOPinWrite)
                  00002192    00000006                   : sysctl.obj (.text:SysCtlDelay)
                  00002198    00000004     rtsv7M4_T_le_v4SPD16_eabi.lib : pre_init.c.obj (.text:_system_pre_init)
                  0000219c    00000004                                   : exit.c.obj (.text:abort:abort)

.const     0    000021a0    0000003a     
                  000021a0    00000030     rtsv7M4_T_le_v4SPD16_eabi.lib : e_pow.c.obj (.const:$O1$$)
                  000021d0    0000000a     main.obj (.const:.string:$P$T0$1)

.cinit     0    000021e0    00000030     
                  000021e0    0000000c     (.cinit..data.load) [load image, compression = lzss]
                  000021ec    0000000c     (__TI_handler_table)
                  000021f8    00000008     (.cinit..bss.load) [load image, compression = zero_init]
                  00002200    00000010     (__TI_cinit_table)

.init_array 
*          0    00000000    00000000     UNINITIALIZED

.stack     0    20000000    00000200     UNINITIALIZED
                  20000000    00000004     rtsv7M4_T_le_v4SPD16_eabi.lib : boot_cortex_m.c.obj (.stack)
                  20000004    000001fc     --HOLE--

.bss       0    20000200    00000034     UNINITIALIZED
                  20000200    00000028     (.common:sflt)
                  20000228    0000000c     (.common:res1)

.data      0    20000234    00000014     UNINITIALIZED
                  20000234    00000008     rtsv7M4_T_le_v4SPD16_eabi.lib : _lock.c.obj (.data:$O1$$)
                  2000023c    00000008                                   : memory.c.obj (.data:$O1$$)
                  20000244    00000004                                   : errno.c.obj (.data)

.sysmem    0    20000248    00000010     UNINITIALIZED
                  20000248    00000010     rtsv7M4_T_le_v4SPD16_eabi.lib : memory.c.obj (.sysmem)

__llvm_prf_cnts 
*          0    20000000    00000000     UNINITIALIZED

MODULE SUMMARY

       Module                         code   ro data   rw data
       ------                         ----   -------   -------
    .\
       LCD.obj                        1204   0         52     
       tm4c123gh6pm_startup_ccs.obj   12     620       0      
       float.obj                      356    0         0      
       main.obj                       148    10        0      
    +--+------------------------------+------+---------+---------+
       Total:                         1720   630       52     
                                                              
    ../driverlib.lib
       gpio.obj                       440    0         0      
       sysctl.obj                     302    0         0      
    +--+------------------------------+------+---------+---------+
       Total:                         742    0         0      
                                                              
    D:\CCS-10.4.0.00\ccs\tools\compiler\ti-cgt-arm_20.2.5.LTS\lib\rtsv7M4_T_le_v4SPD16_eabi.lib
       e_pow.c.obj                    2512   48        0      
       memory.c.obj                   444    0         8      
       fd_add_t2.asm.obj              438    0         0      
       e_sqrt.c.obj                   344    0         0      
       fd_div_t2.asm.obj              310    0         0      
       s_scalbn.c.obj                 272    0         0      
       fd_cmp_t2.asm.obj              268    0         0      
       fd_mul_t2.asm.obj              252    0         0      
       memcpy_t2.asm.obj              156    0         0      
       fd_tos_t2.asm.obj              110    0         0      
       copy_decompress_lzss.c.obj     104    0         0      
       autoinit.c.obj                 68     0         0      
       fs_tod_t2.asm.obj              56     0         0      
       boot_cortex_m.c.obj            52     0         0      
       i_tofd_t2.asm.obj              46     0         0      
       copy_zero_init.c.obj           28     0         0      
       s_copysign.c.obj               26     0         0      
       copy_decompress_none.c.obj     14     0         0      
       errno.c.obj                    8      0         4      
       _lock.c.obj                    2      0         8      
       exit.c.obj                     4      0         0      
       pre_init.c.obj                 4      0         0      
    +--+------------------------------+------+---------+---------+
       Total:                         5518   48        20     
                                                              
       Heap:                          0      0         16     
       Stack:                         0      0         512    
       Linker Generated:              0      48        0      
    +--+------------------------------+------+---------+---------+
       Grand Total:                   7980   726       600    


LINKER GENERATED COPY TABLES

__TI_cinit_table @ 00002200 records: 2, size/record: 8, table size: 16
	.data: load addr=000021e0, load size=0000000c bytes, run addr=20000234, run size=00000014 bytes, compression=lzss
	.bss: load addr=000021f8, load size=00000008 bytes, run addr=20000200, run size=00000034 bytes, compression=zero_init


LINKER GENERATED HANDLER TABLE

__TI_handler_table @ 000021ec records: 3, size/record: 4, table size: 12
	index: 0, handler: __TI_decompress_lzss
	index: 1, handler: __TI_decompress_none
	index: 2, handler: __TI_zero_init


GLOBAL SYMBOLS: SORTED ALPHABETICALLY BY Name 

address   name                          
-------   ----                          
0000219d  C$$EXIT                       
00000f91  Display_Digits                
000010a5  Display_FloatValue            
00000e19  Display_character             
00000eb5  Display_string                
0000209f  GPIODirModeSet                
000012a9  GPIOPadConfigSet              
0000212d  GPIOPinTypeGPIOOutput         
0000218d  GPIOPinWrite                  
00000fa1  LCD_Clear                     
00000d7d  LCD_Command                   
00000fbd  LCD_cursorPosition            
00000c3d  LCD_init                      
0000216f  ResetISR                      
00001b15  SysCtlClockSet                
00002193  SysCtlDelay                   
00002009  SysCtlPeripheralEnable        
20000200  __STACK_END                   
00000200  __STACK_SIZE                  
20000200  __STACK_TOP                   
00000010  __SYSMEM_SIZE                 
00002200  __TI_CINIT_Base               
00002210  __TI_CINIT_Limit              
000021ec  __TI_Handler_Table_Base       
000021f8  __TI_Handler_Table_Limit      
00001f8d  __TI_auto_init_nobinit_nopinit
00001f23  __TI_decompress_lzss          
00002161  __TI_decompress_none          
ffffffff  __TI_pprof_out_hndl           
ffffffff  __TI_prof_data_size           
ffffffff  __TI_prof_data_start          
00000000  __TI_static_base__            
000020f5  __TI_zero_init_nomemset       
00001d39  __aeabi_cdcmpeq               
00001d39  __aeabi_cdcmple               
00001dbf  __aeabi_cdrcmple              
00001eb5  __aeabi_d2f                   
000010fb  __aeabi_dadd                  
000016d1  __aeabi_ddiv                  
00001a19  __aeabi_dmul                  
000010f1  __aeabi_dsub                  
0000217d  __aeabi_errno_addr            
00001fd1  __aeabi_f2d                   
00002071  __aeabi_i2d                   
00001c09  __aeabi_memcpy                
00001c09  __aeabi_memcpy4               
00001c09  __aeabi_memcpy8               
ffffffff  __binit__                     
ffffffff  __c_args__                    
UNDEFED   __mpu_init                    
20000000  __stack                       
20000000  __start___llvm_prf_cnts       
20000000  __stop___llvm_prf_cnts        
0000203d  _c_int00_noargs               
20000234  _lock                         
000012a7  _nop                          
20000248  _sys_memory                   
UNDEFED   _system_post_cinit            
00002199  _system_pre_init              
20000238  _unlock                       
0000219d  abort                         
00001919  aligned_alloc                 
ffffffff  binit                         
00002147  copysign                      
00002147  copysignl                     
20000244  errno                         
000014cf  ftoa                          
00000000  g_pfnVectors                  
00001029  i_to_a                        
00001465  intToStr                      
00001809  ldexp                         
00001809  ldexpl                        
00001ca5  main                          
00002185  malloc                        
00001919  memalign                      
00001c09  memcpy                        
00000ffd  no_of_digits                  
0000026d  pow                           
0000026d  powl                          
20000228  res1                          
00001415  reverse                       
00001809  scalbn                        
00001809  scalbnl                       
20000200  sflt                          
00001579  sqrt                          
00001579  sqrtl                         


GLOBAL SYMBOLS: SORTED BY Symbol Address 

address   name                          
-------   ----                          
00000000  __TI_static_base__            
00000000  g_pfnVectors                  
00000010  __SYSMEM_SIZE                 
00000200  __STACK_SIZE                  
0000026d  pow                           
0000026d  powl                          
00000c3d  LCD_init                      
00000d7d  LCD_Command                   
00000e19  Display_character             
00000eb5  Display_string                
00000f91  Display_Digits                
00000fa1  LCD_Clear                     
00000fbd  LCD_cursorPosition            
00000ffd  no_of_digits                  
00001029  i_to_a                        
000010a5  Display_FloatValue            
000010f1  __aeabi_dsub                  
000010fb  __aeabi_dadd                  
000012a7  _nop                          
000012a9  GPIOPadConfigSet              
00001415  reverse                       
00001465  intToStr                      
000014cf  ftoa                          
00001579  sqrt                          
00001579  sqrtl                         
000016d1  __aeabi_ddiv                  
00001809  ldexp                         
00001809  ldexpl                        
00001809  scalbn                        
00001809  scalbnl                       
00001919  aligned_alloc                 
00001919  memalign                      
00001a19  __aeabi_dmul                  
00001b15  SysCtlClockSet                
00001c09  __aeabi_memcpy                
00001c09  __aeabi_memcpy4               
00001c09  __aeabi_memcpy8               
00001c09  memcpy                        
00001ca5  main                          
00001d39  __aeabi_cdcmpeq               
00001d39  __aeabi_cdcmple               
00001dbf  __aeabi_cdrcmple              
00001eb5  __aeabi_d2f                   
00001f23  __TI_decompress_lzss          
00001f8d  __TI_auto_init_nobinit_nopinit
00001fd1  __aeabi_f2d                   
00002009  SysCtlPeripheralEnable        
0000203d  _c_int00_noargs               
00002071  __aeabi_i2d                   
0000209f  GPIODirModeSet                
000020f5  __TI_zero_init_nomemset       
0000212d  GPIOPinTypeGPIOOutput         
00002147  copysign                      
00002147  copysignl                     
00002161  __TI_decompress_none          
0000216f  ResetISR                      
0000217d  __aeabi_errno_addr            
00002185  malloc                        
0000218d  GPIOPinWrite                  
00002193  SysCtlDelay                   
00002199  _system_pre_init              
0000219d  C$$EXIT                       
0000219d  abort                         
000021ec  __TI_Handler_Table_Base       
000021f8  __TI_Handler_Table_Limit      
00002200  __TI_CINIT_Base               
00002210  __TI_CINIT_Limit              
20000000  __stack                       
20000000  __start___llvm_prf_cnts       
20000000  __stop___llvm_prf_cnts        
20000200  __STACK_END                   
20000200  __STACK_TOP                   
20000200  sflt                          
20000228  res1                          
20000234  _lock                         
20000238  _unlock                       
20000244  errno                         
20000248  _sys_memory                   
ffffffff  __TI_pprof_out_hndl           
ffffffff  __TI_prof_data_size           
ffffffff  __TI_prof_data_start          
ffffffff  __binit__                     
ffffffff  __c_args__                    
ffffffff  binit                         
UNDEFED   __mpu_init                    
UNDEFED   _system_post_cinit            

[86 symbols]
