******************************************************************************
                  TI ARM Linker PC v20.2.5                     
******************************************************************************
>> Linked Sat Jun  4 10:46:32 2022

OUTPUT FILE NAME:   <PWM_MotorDriver_Control.out>
ENTRY POINT SYMBOL: "_c_int00_noinit_noargs"  address: 00000635


MEMORY CONFIGURATION

         name            origin    length      used     unused   attr    fill
----------------------  --------  ---------  --------  --------  ----  --------
  FLASH                 00000000   00040000  000007a4  0003f85c  R  X
  SRAM                  20000000   00008000  00000200  00007e00  RW X


SEGMENT ALLOCATION MAP

run origin  load origin   length   init length attrs members
----------  ----------- ---------- ----------- ----- -------
00000000    00000000    000007a4   000007a4    r-x
  00000000    00000000    0000026c   0000026c    r-- .intvecs
  0000026c    0000026c    000004a8   000004a8    r-x .text
  00000714    00000714    00000090   00000090    r-- .const
20000000    20000000    00000200   00000000    rw-
  20000000    20000000    00000200   00000000    rw- .stack


SECTION ALLOCATION MAP

 output                                  attributes/
section   page    origin      length       input sections
--------  ----  ----------  ----------   ----------------
.intvecs   0    00000000    0000026c     
                  00000000    0000026c     tm4c123gh6pm_startup_ccs.obj (.intvecs)

.text      0    0000026c    000004a8     
                  0000026c    0000016c     driverlib.lib : gpio.obj (.text:GPIOPadConfigSet)
                  000003d8    000000f4                   : sysctl.obj (.text:SysCtlClockSet)
                  000004cc    000000bc     main.obj (.text)
                  00000588    0000004c     driverlib.lib : gpio.obj (.text:GPIOPinConfigure)
                  000005d4    00000034                   : sysctl.obj (.text:SysCtlPeripheralEnable)
                  00000608    0000002c                   : gpio.obj (.text:GPIODirModeSet)
                  00000634    0000002c     rtsv7M4_T_le_v4SPD16_eabi.lib : boot_cortex_m.c.obj (.text:_c_int00_noinit_noargs:_c_int00_noinit_noargs)
                  00000660    00000022     driverlib.lib : pwm.obj (.text:PWMGenConfigure)
                  00000682    0000001e                   : pwm.obj (.text:PWMPulseWidthSet)
                  000006a0    00000016                   : gpio.obj (.text:GPIOPinTypePWM)
                  000006b6    00000002     --HOLE-- [fill = 0]
                  000006b8    00000014                   : sysctl.obj (.text:SysCtlPWMClockSet)
                  000006cc    00000012                   : pwm.obj (.text:PWMOutputState)
                  000006de    00000010                   : pwm.obj (.text:PWMGenPeriodSet)
                  000006ee    0000000c                   : pwm.obj (.text:PWMGenEnable)
                  000006fa    0000000c     tm4c123gh6pm_startup_ccs.obj (.text)
                  00000706    00000006     driverlib.lib : sysctl.obj (.text:SysCtlDelay)
                  0000070c    00000004     rtsv7M4_T_le_v4SPD16_eabi.lib : pre_init.c.obj (.text:_system_pre_init)
                  00000710    00000004                                   : exit.c.obj (.text:abort:abort)

.const     0    00000714    00000090     
                  00000714    00000090     driverlib.lib : gpio.obj (.const:g_pui32GPIOBaseAddrs)

.cinit     0    00000000    00000000     UNINITIALIZED

.init_array 
*          0    00000000    00000000     UNINITIALIZED

.stack     0    20000000    00000200     UNINITIALIZED
                  20000000    00000004     rtsv7M4_T_le_v4SPD16_eabi.lib : boot_cortex_m.c.obj (.stack)
                  20000004    000001fc     --HOLE--

__llvm_prf_cnts 
*          0    20000000    00000000     UNINITIALIZED

MODULE SUMMARY

       Module                         code   ro data   rw data
       ------                         ----   -------   -------
    .\
       tm4c123gh6pm_startup_ccs.obj   12     620       0      
       main.obj                       188    0         0      
    +--+------------------------------+------+---------+---------+
       Total:                         200    620       0      
                                                              
    ../driverlib.lib
       gpio.obj                       506    144       0      
       sysctl.obj                     322    0         0      
       pwm.obj                        110    0         0      
    +--+------------------------------+------+---------+---------+
       Total:                         938    144       0      
                                                              
    D:\CCS-10.4.0.00\ccs\tools\compiler\ti-cgt-arm_20.2.5.LTS\lib\rtsv7M4_T_le_v4SPD16_eabi.lib
       boot_cortex_m.c.obj            44     0         0      
       exit.c.obj                     4      0         0      
       pre_init.c.obj                 4      0         0      
    +--+------------------------------+------+---------+---------+
       Total:                         52     0         0      
                                                              
       Stack:                         0      0         512    
    +--+------------------------------+------+---------+---------+
       Grand Total:                   1190   764       512    


GLOBAL SYMBOLS: SORTED ALPHABETICALLY BY Name 

address   name                   
-------   ----                   
00000711  C$$EXIT                
00000609  GPIODirModeSet         
0000026d  GPIOPadConfigSet       
00000589  GPIOPinConfigure       
000006a1  GPIOPinTypePWM         
00000661  PWMGenConfigure        
000006ef  PWMGenEnable           
000006df  PWMGenPeriodSet        
000006cd  PWMOutputState         
00000683  PWMPulseWidthSet       
000006fb  ResetISR               
000003d9  SysCtlClockSet         
00000707  SysCtlDelay            
000006b9  SysCtlPWMClockSet      
000005d5  SysCtlPeripheralEnable 
20000200  __STACK_END            
00000200  __STACK_SIZE           
20000200  __STACK_TOP            
ffffffff  __TI_pprof_out_hndl    
ffffffff  __TI_prof_data_size    
ffffffff  __TI_prof_data_start   
00000000  __TI_static_base__     
ffffffff  __binit__              
ffffffff  __c_args__             
UNDEFED   __mpu_init             
20000000  __stack                
20000000  __start___llvm_prf_cnts
20000000  __stop___llvm_prf_cnts 
00000635  _c_int00_noinit_noargs 
0000070d  _system_pre_init       
00000711  abort                  
ffffffff  binit                  
00000000  g_pfnVectors           
000004cd  main                   


GLOBAL SYMBOLS: SORTED BY Symbol Address 

address   name                   
-------   ----                   
00000000  __TI_static_base__     
00000000  g_pfnVectors           
00000200  __STACK_SIZE           
0000026d  GPIOPadConfigSet       
000003d9  SysCtlClockSet         
000004cd  main                   
00000589  GPIOPinConfigure       
000005d5  SysCtlPeripheralEnable 
00000609  GPIODirModeSet         
00000635  _c_int00_noinit_noargs 
00000661  PWMGenConfigure        
00000683  PWMPulseWidthSet       
000006a1  GPIOPinTypePWM         
000006b9  SysCtlPWMClockSet      
000006cd  PWMOutputState         
000006df  PWMGenPeriodSet        
000006ef  PWMGenEnable           
000006fb  ResetISR               
00000707  SysCtlDelay            
0000070d  _system_pre_init       
00000711  C$$EXIT                
00000711  abort                  
20000000  __stack                
20000000  __start___llvm_prf_cnts
20000000  __stop___llvm_prf_cnts 
20000200  __STACK_END            
20000200  __STACK_TOP            
ffffffff  __TI_pprof_out_hndl    
ffffffff  __TI_prof_data_size    
ffffffff  __TI_prof_data_start   
ffffffff  __binit__              
ffffffff  __c_args__             
ffffffff  binit                  
UNDEFED   __mpu_init             

[34 symbols]
