******************************************************************************
                  TI ARM Linker PC v20.2.5                     
******************************************************************************
>> Linked Tue Jun  7 10:09:18 2022

OUTPUT FILE NAME:   <UART_Keyboard_Serial_Input.out>
ENTRY POINT SYMBOL: "_c_int00_noargs"  address: 0000117d


MEMORY CONFIGURATION

         name            origin    length      used     unused   attr    fill
----------------------  --------  ---------  --------  --------  ----  --------
  FLASH                 00000000   00040000  00001440  0003ebc0  R  X
  SRAM                  20000000   00008000  00000471  00007b8f  RW X


SEGMENT ALLOCATION MAP

run origin  load origin   length   init length attrs members
----------  ----------- ---------- ----------- ----- -------
00000000    00000000    00001440   00001440    r-x
  00000000    00000000    0000026c   0000026c    r-- .intvecs
  0000026c    0000026c    0000103c   0000103c    r-x .text
  000012a8    000012a8    00000168   00000168    r-- .const
  00001410    00001410    00000030   00000030    r-- .cinit
20000000    20000000    00000475   00000000    rw-
  20000000    20000000    0000026c   00000000    rw- .vtable
  20000270    20000270    00000200   00000000    rw- .stack
  20000470    20000470    00000005   00000000    rw- .data


SECTION ALLOCATION MAP

 output                                  attributes/
section   page    origin      length       input sections
--------  ----  ----------  ----------   ----------------
.intvecs   0    00000000    0000026c     
                  00000000    0000026c     tm4c123gh6pm_startup_ccs.obj (.intvecs)

.text      0    0000026c    0000103c     
                  0000026c    00000924     main.obj (.text)
                  00000b90    0000016c     driverlib.lib : gpio.obj (.text:GPIOPadConfigSet)
                  00000cfc    000000f4                   : sysctl.obj (.text:SysCtlClockSet)
                  00000df0    0000009c     rtsv7M4_T_le_v4SPD16_eabi.lib : memcpy_t2.asm.obj (.text)
                  00000e8c    00000068     driverlib.lib : interrupt.obj (.text:IntDisable)
                  00000ef4    00000068                   : interrupt.obj (.text:IntEnable)
                  00000f5c    00000068     rtsv7M4_T_le_v4SPD16_eabi.lib : copy_decompress_lzss.c.obj (.text:decompress:lzss:__TI_decompress_lzss)
                  00000fc4    0000004c     driverlib.lib : gpio.obj (.text:GPIOPinConfigure)
                  00001010    00000046                   : uart.obj (.text:UARTConfigSetExpClk)
                  00001056    00000002                   : interrupt.obj (.text:_IntDefaultHandler)
                  00001058    00000044     rtsv7M4_T_le_v4SPD16_eabi.lib : autoinit.c.obj (.text:__TI_auto_init_nobinit_nopinit:__TI_auto_init_nobinit_nopinit)
                  0000109c    00000040                                   : u_divt2.asm.obj (.text)
                  000010dc    00000038     driverlib.lib : sysctl.obj (.text:SysCtlPeripheralPresent)
                  00001114    00000034                   : interrupt.obj (.text:IntRegister)
                  00001148    00000034                   : sysctl.obj (.text:SysCtlPeripheralEnable)
                  0000117c    00000034     rtsv7M4_T_le_v4SPD16_eabi.lib : boot_cortex_m.c.obj (.text:_c_int00_noargs:_c_int00_noargs)
                  000011b0    0000002c     driverlib.lib : gpio.obj (.text:GPIODirModeSet)
                  000011dc    00000020                   : uart.obj (.text:UARTDisable)
                  000011fc    0000001c     rtsv7M4_T_le_v4SPD16_eabi.lib : copy_zero_init.c.obj (.text:decompress:ZI:__TI_zero_init_nomemset:__TI_zero_init_nomemset)
                  00001218    00000016     driverlib.lib : gpio.obj (.text:GPIOPinTypeUART)
                  0000122e    00000002     rtsv7M4_T_le_v4SPD16_eabi.lib : div0.asm.obj (.text)
                  00001230    00000014     driverlib.lib : interrupt.obj (.text:IntUnregister)
                  00001244    00000014                   : uart.obj (.text:UARTEnable)
                  00001258    0000000e                   : uart.obj (.text:UARTCharsAvail)
                  00001266    0000000e     rtsv7M4_T_le_v4SPD16_eabi.lib : copy_decompress_none.c.obj (.text:decompress:none:__TI_decompress_none)
                  00001274    0000000c     tm4c123gh6pm_startup_ccs.obj (.text)
                  00001280    0000000a     driverlib.lib : uart.obj (.text:UARTCharGet)
                  0000128a    0000000a                   : uart.obj (.text:UARTCharPut)
                  00001294    00000006                   : sysctl.obj (.text:SysCtlDelay)
                  0000129a    00000006                   : uart.obj (.text:UARTClockSourceSet)
                  000012a0    00000004     rtsv7M4_T_le_v4SPD16_eabi.lib : pre_init.c.obj (.text:_system_pre_init)
                  000012a4    00000004                                   : exit.c.obj (.text:abort:abort)

.const     0    000012a8    00000168     
                  000012a8    00000090     driverlib.lib : gpio.obj (.const:g_pui32GPIOBaseAddrs)
                  00001338    00000040     main.obj (.const:g_pui32FMPPERegs)
                  00001378    00000040     main.obj (.const:g_pui32FMPRERegs)
                  000013b8    00000014     driverlib.lib : interrupt.obj (.const:g_pui32Dii16Regs)
                  000013cc    00000014                   : interrupt.obj (.const:g_pui32EnRegs)
                  000013e0    00000012     main.obj (.const:.string)
                  000013f2    00000002     --HOLE-- [fill = 0]
                  000013f4    0000000c     main.obj (.const:g_ui32UARTBase)
                  00001400    0000000c     main.obj (.const:g_ui32UARTPeriph)
                  0000140c    00000004     main.obj (.const)

.cinit     0    00001410    00000030     
                  00001410    0000000c     (__TI_handler_table)
                  0000141c    00000004     --HOLE-- [fill = 0]
                  00001420    00000008     (.cinit..vtable.load) [load image, compression = zero_init]
                  00001428    00000007     (.cinit..data.load) [load image, compression = lzss]
                  0000142f    00000001     --HOLE-- [fill = 0]
                  00001430    00000010     (__TI_cinit_table)

.init_array 
*          0    00000000    00000000     UNINITIALIZED

.vtable    0    20000000    0000026c     UNINITIALIZED
                  20000000    0000026c     driverlib.lib : interrupt.obj (.vtable)

.data      0    20000470    00000005     UNINITIALIZED
                  20000470    00000005     main.obj (.data)

.stack     0    20000270    00000200     UNINITIALIZED
                  20000270    00000004     rtsv7M4_T_le_v4SPD16_eabi.lib : boot_cortex_m.c.obj (.stack)
                  20000274    000001fc     --HOLE--

__llvm_prf_cnts 
*          0    20000000    00000000     UNINITIALIZED

MODULE SUMMARY

       Module                         code   ro data   rw data
       ------                         ----   -------   -------
    .\
       main.obj                       2340   174       5      
       tm4c123gh6pm_startup_ccs.obj   12     620       0      
    +--+------------------------------+------+---------+---------+
       Total:                         2352   794       5      
                                                              
    ../driverlib.lib
       interrupt.obj                  282    40        620    
       gpio.obj                       506    144       0      
       sysctl.obj                     358    0         0      
       uart.obj                       162    0         0      
    +--+------------------------------+------+---------+---------+
       Total:                         1308   184       620    
                                                              
    D:\CCS-10.4.0.00\ccs\tools\compiler\ti-cgt-arm_20.2.5.LTS\lib\rtsv7M4_T_le_v4SPD16_eabi.lib
       memcpy_t2.asm.obj              156    0         0      
       copy_decompress_lzss.c.obj     104    0         0      
       autoinit.c.obj                 68     0         0      
       u_divt2.asm.obj                64     0         0      
       boot_cortex_m.c.obj            52     0         0      
       copy_zero_init.c.obj           28     0         0      
       copy_decompress_none.c.obj     14     0         0      
       exit.c.obj                     4      0         0      
       pre_init.c.obj                 4      0         0      
       div0.asm.obj                   2      0         0      
    +--+------------------------------+------+---------+---------+
       Total:                         496    0         0      
                                                              
       Stack:                         0      0         512    
       Linker Generated:              0      43        0      
    +--+------------------------------+------+---------+---------+
       Grand Total:                   4156   1021      1137   


LINKER GENERATED COPY TABLES

__TI_cinit_table @ 00001430 records: 2, size/record: 8, table size: 16
	.vtable: load addr=00001420, load size=00000008 bytes, run addr=20000000, run size=0000026c bytes, compression=zero_init
	.data: load addr=00001428, load size=00000007 bytes, run addr=20000470, run size=00000005 bytes, compression=lzss


LINKER GENERATED HANDLER TABLE

__TI_handler_table @ 00001410 records: 3, size/record: 4, table size: 12
	index: 0, handler: __TI_zero_init
	index: 1, handler: __TI_decompress_lzss
	index: 2, handler: __TI_decompress_none


GLOBAL SYMBOLS: SORTED ALPHABETICALLY BY Name 

address   name                          
-------   ----                          
000012a5  C$$EXIT                       
000004c9  FlashAllUserRegisterGet       
0000056d  FlashAllUserRegisterSave      
000004fb  FlashAllUserRegisterSet       
0000026d  FlashErase                    
00000621  FlashIntClear                 
000005e9  FlashIntDisable               
000005d5  FlashIntEnable                
000005a5  FlashIntRegister              
000005fd  FlashIntStatus                
000005bd  FlashIntUnregister            
000002a7  FlashProgram                  
00000329  FlashProtectGet               
0000045d  FlashProtectSave              
0000039d  FlashProtectSet               
00000491  FlashUserGet                  
00000535  FlashUserSave                 
000004af  FlashUserSet                  
000011b1  GPIODirModeSet                
00000b91  GPIOPadConfigSet              
00000fc5  GPIOPinConfigure              
00001219  GPIOPinTypeUART               
00000e8d  IntDisable                    
00000ef5  IntEnable                     
00001115  IntRegister                   
00001231  IntUnregister                 
00001275  ResetISR                      
00000cfd  SysCtlClockSet                
00001295  SysCtlDelay                   
00001149  SysCtlPeripheralEnable        
000010dd  SysCtlPeripheralPresent       
00001281  UARTCharGet                   
0000128b  UARTCharPut                   
00001259  UARTCharsAvail                
0000129b  UARTClockSourceSet            
00001011  UARTConfigSetExpClk           
000011dd  UARTDisable                   
00001245  UARTEnable                    
00000631  UARTStdioConfig               
0000078f  UARTgetc                      
000006d5  UARTgets                      
00000acf  UARTprintf                    
000007d5  UARTvprintf                   
00000677  UARTwrite                     
20000470  __STACK_END                   
00000200  __STACK_SIZE                  
20000470  __STACK_TOP                   
00001430  __TI_CINIT_Base               
00001440  __TI_CINIT_Limit              
00001410  __TI_Handler_Table_Base       
0000141c  __TI_Handler_Table_Limit      
00001059  __TI_auto_init_nobinit_nopinit
00000f5d  __TI_decompress_lzss          
00001267  __TI_decompress_none          
ffffffff  __TI_pprof_out_hndl           
ffffffff  __TI_prof_data_size           
ffffffff  __TI_prof_data_start          
00000000  __TI_static_base__            
000011fd  __TI_zero_init_nomemset       
0000122f  __aeabi_idiv0                 
0000122f  __aeabi_ldiv0                 
00000df1  __aeabi_memcpy                
00000df1  __aeabi_memcpy4               
00000df1  __aeabi_memcpy8               
0000109d  __aeabi_uidiv                 
0000109d  __aeabi_uidivmod              
ffffffff  __binit__                     
ffffffff  __c_args__                    
UNDEFED   __mpu_init                    
20000270  __stack                       
20000000  __start___llvm_prf_cnts       
20000000  __stop___llvm_prf_cnts        
0000117d  _c_int00_noargs               
UNDEFED   _system_post_cinit            
000012a1  _system_pre_init              
000012a5  abort                         
ffffffff  binit                         
20000000  g_pfnRAMVectors               
00000000  g_pfnVectors                  
00000af3  main                          
00000df1  memcpy                        


GLOBAL SYMBOLS: SORTED BY Symbol Address 

address   name                          
-------   ----                          
00000000  __TI_static_base__            
00000000  g_pfnVectors                  
00000200  __STACK_SIZE                  
0000026d  FlashErase                    
000002a7  FlashProgram                  
00000329  FlashProtectGet               
0000039d  FlashProtectSet               
0000045d  FlashProtectSave              
00000491  FlashUserGet                  
000004af  FlashUserSet                  
000004c9  FlashAllUserRegisterGet       
000004fb  FlashAllUserRegisterSet       
00000535  FlashUserSave                 
0000056d  FlashAllUserRegisterSave      
000005a5  FlashIntRegister              
000005bd  FlashIntUnregister            
000005d5  FlashIntEnable                
000005e9  FlashIntDisable               
000005fd  FlashIntStatus                
00000621  FlashIntClear                 
00000631  UARTStdioConfig               
00000677  UARTwrite                     
000006d5  UARTgets                      
0000078f  UARTgetc                      
000007d5  UARTvprintf                   
00000acf  UARTprintf                    
00000af3  main                          
00000b91  GPIOPadConfigSet              
00000cfd  SysCtlClockSet                
00000df1  __aeabi_memcpy                
00000df1  __aeabi_memcpy4               
00000df1  __aeabi_memcpy8               
00000df1  memcpy                        
00000e8d  IntDisable                    
00000ef5  IntEnable                     
00000f5d  __TI_decompress_lzss          
00000fc5  GPIOPinConfigure              
00001011  UARTConfigSetExpClk           
00001059  __TI_auto_init_nobinit_nopinit
0000109d  __aeabi_uidiv                 
0000109d  __aeabi_uidivmod              
000010dd  SysCtlPeripheralPresent       
00001115  IntRegister                   
00001149  SysCtlPeripheralEnable        
0000117d  _c_int00_noargs               
000011b1  GPIODirModeSet                
000011dd  UARTDisable                   
000011fd  __TI_zero_init_nomemset       
00001219  GPIOPinTypeUART               
0000122f  __aeabi_idiv0                 
0000122f  __aeabi_ldiv0                 
00001231  IntUnregister                 
00001245  UARTEnable                    
00001259  UARTCharsAvail                
00001267  __TI_decompress_none          
00001275  ResetISR                      
00001281  UARTCharGet                   
0000128b  UARTCharPut                   
00001295  SysCtlDelay                   
0000129b  UARTClockSourceSet            
000012a1  _system_pre_init              
000012a5  C$$EXIT                       
000012a5  abort                         
00001410  __TI_Handler_Table_Base       
0000141c  __TI_Handler_Table_Limit      
00001430  __TI_CINIT_Base               
00001440  __TI_CINIT_Limit              
20000000  __start___llvm_prf_cnts       
20000000  __stop___llvm_prf_cnts        
20000000  g_pfnRAMVectors               
20000270  __stack                       
20000470  __STACK_END                   
20000470  __STACK_TOP                   
ffffffff  __TI_pprof_out_hndl           
ffffffff  __TI_prof_data_size           
ffffffff  __TI_prof_data_start          
ffffffff  __binit__                     
ffffffff  __c_args__                    
ffffffff  binit                         
UNDEFED   __mpu_init                    
UNDEFED   _system_post_cinit            

[81 symbols]
