******************************************************************************
                  TI ARM Linker PC v20.2.5                     
******************************************************************************
>> Linked Tue Jun  7 09:21:12 2022

OUTPUT FILE NAME:   <UART_RFID_Reader.out>
ENTRY POINT SYMBOL: "_c_int00_noargs"  address: 000011d9


MEMORY CONFIGURATION

         name            origin    length      used     unused   attr    fill
----------------------  --------  ---------  --------  --------  ----  --------
  FLASH                 00000000   00040000  0000149c  0003eb64  R  X
  SRAM                  20000000   00008000  00000471  00007b8f  RW X


SEGMENT ALLOCATION MAP

run origin  load origin   length   init length attrs members
----------  ----------- ---------- ----------- ----- -------
00000000    00000000    000014a0   000014a0    r-x
  00000000    00000000    0000026c   0000026c    r-- .intvecs
  0000026c    0000026c    00001098   00001098    r-x .text
  00001304    00001304    00000168   00000168    r-- .const
  00001470    00001470    00000030   00000030    r-- .cinit
20000000    20000000    00000475   00000000    rw-
  20000000    20000000    0000026c   00000000    rw- .vtable
  20000270    20000270    00000200   00000000    rw- .stack
  20000470    20000470    00000005   00000000    rw- .data


SECTION ALLOCATION MAP

 output                                  attributes/
section   page    origin      length       input sections
--------  ----  ----------  ----------   ----------------
.intvecs   0    00000000    0000026c     
                  00000000    0000026c     tm4c123gh6pm_startup_ccs.obj (.intvecs)

.text      0    0000026c    00001098     
                  0000026c    00000980     main.obj (.text)
                  00000bec    0000016c     driverlib.lib : gpio.obj (.text:GPIOPadConfigSet)
                  00000d58    000000f4                   : sysctl.obj (.text:SysCtlClockSet)
                  00000e4c    0000009c     rtsv7M4_T_le_v4SPD16_eabi.lib : memcpy_t2.asm.obj (.text)
                  00000ee8    00000068     driverlib.lib : interrupt.obj (.text:IntDisable)
                  00000f50    00000068                   : interrupt.obj (.text:IntEnable)
                  00000fb8    00000068     rtsv7M4_T_le_v4SPD16_eabi.lib : copy_decompress_lzss.c.obj (.text:decompress:lzss:__TI_decompress_lzss)
                  00001020    0000004c     driverlib.lib : gpio.obj (.text:GPIOPinConfigure)
                  0000106c    00000046                   : uart.obj (.text:UARTConfigSetExpClk)
                  000010b2    00000002                   : interrupt.obj (.text:_IntDefaultHandler)
                  000010b4    00000044     rtsv7M4_T_le_v4SPD16_eabi.lib : autoinit.c.obj (.text:__TI_auto_init_nobinit_nopinit:__TI_auto_init_nobinit_nopinit)
                  000010f8    00000040                                   : u_divt2.asm.obj (.text)
                  00001138    00000038     driverlib.lib : sysctl.obj (.text:SysCtlPeripheralPresent)
                  00001170    00000034                   : interrupt.obj (.text:IntRegister)
                  000011a4    00000034                   : sysctl.obj (.text:SysCtlPeripheralEnable)
                  000011d8    00000034     rtsv7M4_T_le_v4SPD16_eabi.lib : boot_cortex_m.c.obj (.text:_c_int00_noargs:_c_int00_noargs)
                  0000120c    0000002c     driverlib.lib : gpio.obj (.text:GPIODirModeSet)
                  00001238    00000020                   : uart.obj (.text:UARTDisable)
                  00001258    0000001c     rtsv7M4_T_le_v4SPD16_eabi.lib : copy_zero_init.c.obj (.text:decompress:ZI:__TI_zero_init_nomemset:__TI_zero_init_nomemset)
                  00001274    00000016     driverlib.lib : gpio.obj (.text:GPIOPinTypeUART)
                  0000128a    00000002     rtsv7M4_T_le_v4SPD16_eabi.lib : div0.asm.obj (.text)
                  0000128c    00000014     driverlib.lib : interrupt.obj (.text:IntUnregister)
                  000012a0    00000014                   : uart.obj (.text:UARTEnable)
                  000012b4    0000000e                   : uart.obj (.text:UARTCharsAvail)
                  000012c2    0000000e     rtsv7M4_T_le_v4SPD16_eabi.lib : copy_decompress_none.c.obj (.text:decompress:none:__TI_decompress_none)
                  000012d0    0000000c     tm4c123gh6pm_startup_ccs.obj (.text)
                  000012dc    0000000a     driverlib.lib : uart.obj (.text:UARTCharGet)
                  000012e6    0000000a                   : uart.obj (.text:UARTCharPut)
                  000012f0    00000006                   : sysctl.obj (.text:SysCtlDelay)
                  000012f6    00000006                   : uart.obj (.text:UARTClockSourceSet)
                  000012fc    00000004     rtsv7M4_T_le_v4SPD16_eabi.lib : pre_init.c.obj (.text:_system_pre_init)
                  00001300    00000004                                   : exit.c.obj (.text:abort:abort)

.const     0    00001304    00000168     
                  00001304    00000090     driverlib.lib : gpio.obj (.const:g_pui32GPIOBaseAddrs)
                  00001394    00000040     main.obj (.const:g_pui32FMPPERegs)
                  000013d4    00000040     main.obj (.const:g_pui32FMPRERegs)
                  00001414    00000014     driverlib.lib : interrupt.obj (.const:g_pui32Dii16Regs)
                  00001428    00000014                   : interrupt.obj (.const:g_pui32EnRegs)
                  0000143c    00000012     main.obj (.const:.string)
                  0000144e    00000002     --HOLE-- [fill = 0]
                  00001450    0000000c     main.obj (.const:g_ui32UARTBase)
                  0000145c    0000000c     main.obj (.const:g_ui32UARTPeriph)
                  00001468    00000004     main.obj (.const)

.cinit     0    00001470    00000030     
                  00001470    0000000c     (__TI_handler_table)
                  0000147c    00000004     --HOLE-- [fill = 0]
                  00001480    00000008     (.cinit..vtable.load) [load image, compression = zero_init]
                  00001488    00000007     (.cinit..data.load) [load image, compression = lzss]
                  0000148f    00000001     --HOLE-- [fill = 0]
                  00001490    00000010     (__TI_cinit_table)

.init_array 
*          0    00000000    00000000     UNINITIALIZED

.vtable    0    20000000    0000026c     UNINITIALIZED
                  20000000    0000026c     driverlib.lib : interrupt.obj (.vtable)

.data      0    20000470    00000005     UNINITIALIZED
                  20000470    00000005     main.obj (.data)

.stack     0    20000270    00000200     UNINITIALIZED
                  20000270    00000004     rtsv7M4_T_le_v4SPD16_eabi.lib : boot_cortex_m.c.obj (.stack)
                  20000274    000001fc     --HOLE--

__llvm_prf_cnts 
*          0    20000000    00000000     UNINITIALIZED

MODULE SUMMARY

       Module                         code   ro data   rw data
       ------                         ----   -------   -------
    .\
       main.obj                       2432   174       5      
       tm4c123gh6pm_startup_ccs.obj   12     620       0      
    +--+------------------------------+------+---------+---------+
       Total:                         2444   794       5      
                                                              
    ../driverlib.lib
       interrupt.obj                  282    40        620    
       gpio.obj                       506    144       0      
       sysctl.obj                     358    0         0      
       uart.obj                       162    0         0      
    +--+------------------------------+------+---------+---------+
       Total:                         1308   184       620    
                                                              
    D:\CCS-10.4.0.00\ccs\tools\compiler\ti-cgt-arm_20.2.5.LTS\lib\rtsv7M4_T_le_v4SPD16_eabi.lib
       memcpy_t2.asm.obj              156    0         0      
       copy_decompress_lzss.c.obj     104    0         0      
       autoinit.c.obj                 68     0         0      
       u_divt2.asm.obj                64     0         0      
       boot_cortex_m.c.obj            52     0         0      
       copy_zero_init.c.obj           28     0         0      
       copy_decompress_none.c.obj     14     0         0      
       exit.c.obj                     4      0         0      
       pre_init.c.obj                 4      0         0      
       div0.asm.obj                   2      0         0      
    +--+------------------------------+------+---------+---------+
       Total:                         496    0         0      
                                                              
       Stack:                         0      0         512    
       Linker Generated:              0      43        0      
    +--+------------------------------+------+---------+---------+
       Grand Total:                   4248   1021      1137   


LINKER GENERATED COPY TABLES

__TI_cinit_table @ 00001490 records: 2, size/record: 8, table size: 16
	.vtable: load addr=00001480, load size=00000008 bytes, run addr=20000000, run size=0000026c bytes, compression=zero_init
	.data: load addr=00001488, load size=00000007 bytes, run addr=20000470, run size=00000005 bytes, compression=lzss


LINKER GENERATED HANDLER TABLE

__TI_handler_table @ 00001470 records: 3, size/record: 4, table size: 12
	index: 0, handler: __TI_zero_init
	index: 1, handler: __TI_decompress_lzss
	index: 2, handler: __TI_decompress_none


GLOBAL SYMBOLS: SORTED ALPHABETICALLY BY Name 

address   name                          
-------   ----                          
00001301  C$$EXIT                       
000004c9  FlashAllUserRegisterGet       
0000056d  FlashAllUserRegisterSave      
000004fb  FlashAllUserRegisterSet       
0000026d  FlashErase                    
00000621  FlashIntClear                 
000005e9  FlashIntDisable               
000005d5  FlashIntEnable                
000005a5  FlashIntRegister              
000005fd  FlashIntStatus                
000005bd  FlashIntUnregister            
000002a7  FlashProgram                  
00000329  FlashProtectGet               
0000045d  FlashProtectSave              
0000039d  FlashProtectSet               
00000491  FlashUserGet                  
00000535  FlashUserSave                 
000004af  FlashUserSet                  
0000120d  GPIODirModeSet                
00000bed  GPIOPadConfigSet              
00001021  GPIOPinConfigure              
00001275  GPIOPinTypeUART               
00000ee9  IntDisable                    
00000f51  IntEnable                     
00001171  IntRegister                   
0000128d  IntUnregister                 
000012d1  ResetISR                      
00000d59  SysCtlClockSet                
000012f1  SysCtlDelay                   
000011a5  SysCtlPeripheralEnable        
00001139  SysCtlPeripheralPresent       
000012dd  UARTCharGet                   
000012e7  UARTCharPut                   
000012b5  UARTCharsAvail                
000012f7  UARTClockSourceSet            
0000106d  UARTConfigSetExpClk           
00001239  UARTDisable                   
000012a1  UARTEnable                    
00000631  UARTStdioConfig               
0000078f  UARTgetc                      
000006d5  UARTgets                      
00000acf  UARTprintf                    
000007d5  UARTvprintf                   
00000677  UARTwrite                     
20000470  __STACK_END                   
00000200  __STACK_SIZE                  
20000470  __STACK_TOP                   
00001490  __TI_CINIT_Base               
000014a0  __TI_CINIT_Limit              
00001470  __TI_Handler_Table_Base       
0000147c  __TI_Handler_Table_Limit      
000010b5  __TI_auto_init_nobinit_nopinit
00000fb9  __TI_decompress_lzss          
000012c3  __TI_decompress_none          
ffffffff  __TI_pprof_out_hndl           
ffffffff  __TI_prof_data_size           
ffffffff  __TI_prof_data_start          
00000000  __TI_static_base__            
00001259  __TI_zero_init_nomemset       
0000128b  __aeabi_idiv0                 
0000128b  __aeabi_ldiv0                 
00000e4d  __aeabi_memcpy                
00000e4d  __aeabi_memcpy4               
00000e4d  __aeabi_memcpy8               
000010f9  __aeabi_uidiv                 
000010f9  __aeabi_uidivmod              
ffffffff  __binit__                     
ffffffff  __c_args__                    
UNDEFED   __mpu_init                    
20000270  __stack                       
20000000  __start___llvm_prf_cnts       
20000000  __stop___llvm_prf_cnts        
000011d9  _c_int00_noargs               
UNDEFED   _system_post_cinit            
000012fd  _system_pre_init              
00001301  abort                         
ffffffff  binit                         
20000000  g_pfnRAMVectors               
00000000  g_pfnVectors                  
00000af3  main                          
00000e4d  memcpy                        


GLOBAL SYMBOLS: SORTED BY Symbol Address 

address   name                          
-------   ----                          
00000000  __TI_static_base__            
00000000  g_pfnVectors                  
00000200  __STACK_SIZE                  
0000026d  FlashErase                    
000002a7  FlashProgram                  
00000329  FlashProtectGet               
0000039d  FlashProtectSet               
0000045d  FlashProtectSave              
00000491  FlashUserGet                  
000004af  FlashUserSet                  
000004c9  FlashAllUserRegisterGet       
000004fb  FlashAllUserRegisterSet       
00000535  FlashUserSave                 
0000056d  FlashAllUserRegisterSave      
000005a5  FlashIntRegister              
000005bd  FlashIntUnregister            
000005d5  FlashIntEnable                
000005e9  FlashIntDisable               
000005fd  FlashIntStatus                
00000621  FlashIntClear                 
00000631  UARTStdioConfig               
00000677  UARTwrite                     
000006d5  UARTgets                      
0000078f  UARTgetc                      
000007d5  UARTvprintf                   
00000acf  UARTprintf                    
00000af3  main                          
00000bed  GPIOPadConfigSet              
00000d59  SysCtlClockSet                
00000e4d  __aeabi_memcpy                
00000e4d  __aeabi_memcpy4               
00000e4d  __aeabi_memcpy8               
00000e4d  memcpy                        
00000ee9  IntDisable                    
00000f51  IntEnable                     
00000fb9  __TI_decompress_lzss          
00001021  GPIOPinConfigure              
0000106d  UARTConfigSetExpClk           
000010b5  __TI_auto_init_nobinit_nopinit
000010f9  __aeabi_uidiv                 
000010f9  __aeabi_uidivmod              
00001139  SysCtlPeripheralPresent       
00001171  IntRegister                   
000011a5  SysCtlPeripheralEnable        
000011d9  _c_int00_noargs               
0000120d  GPIODirModeSet                
00001239  UARTDisable                   
00001259  __TI_zero_init_nomemset       
00001275  GPIOPinTypeUART               
0000128b  __aeabi_idiv0                 
0000128b  __aeabi_ldiv0                 
0000128d  IntUnregister                 
000012a1  UARTEnable                    
000012b5  UARTCharsAvail                
000012c3  __TI_decompress_none          
000012d1  ResetISR                      
000012dd  UARTCharGet                   
000012e7  UARTCharPut                   
000012f1  SysCtlDelay                   
000012f7  UARTClockSourceSet            
000012fd  _system_pre_init              
00001301  C$$EXIT                       
00001301  abort                         
00001470  __TI_Handler_Table_Base       
0000147c  __TI_Handler_Table_Limit      
00001490  __TI_CINIT_Base               
000014a0  __TI_CINIT_Limit              
20000000  __start___llvm_prf_cnts       
20000000  __stop___llvm_prf_cnts        
20000000  g_pfnRAMVectors               
20000270  __stack                       
20000470  __STACK_END                   
20000470  __STACK_TOP                   
ffffffff  __TI_pprof_out_hndl           
ffffffff  __TI_prof_data_size           
ffffffff  __TI_prof_data_start          
ffffffff  __binit__                     
ffffffff  __c_args__                    
ffffffff  binit                         
UNDEFED   __mpu_init                    
UNDEFED   _system_post_cinit            

[81 symbols]
